#
# There is insufficient memory for the Java Runtime Environment to continue.
# Native memory allocation (malloc) failed to allocate 1048576 bytes. Error detail: AllocateHeap
# Possible reasons:
#   The system is out of physical RAM or swap space
#   This process is running with CompressedOops enabled, and the Java Heap may be blocking the growth of the native heap
# Possible solutions:
#   Reduce memory load on the system
#   Increase physical memory or swap space
#   Check if swap backing store is full
#   Decrease Java heap size (-Xmx/-Xms)
#   Decrease number of Java threads
#   Decrease Java thread stack sizes (-Xss)
#   Set larger code cache with -XX:ReservedCodeCacheSize=
#   JVM is running with Unscaled Compressed Oops mode in which the Java heap is
#     placed in the first 4GB address space. The Java Heap base address is the
#     maximum limit for the native heap growth. Please use -XX:HeapBaseMinAddress
#     to set the Java Heap base and to place the Java Heap above 4GB virtual address.
# This output file may be truncated or incomplete.
#
#  Out of Memory Error (allocation.cpp:44), pid=1396, tid=5320
#
# JRE version: OpenJDK Runtime Environment Temurin-21.0.9+10 (21.0.9+10) (build 21.0.9+10-LTS)
# Java VM: OpenJDK 64-Bit Server VM Temurin-21.0.9+10 (21.0.9+10-LTS, mixed mode, sharing, tiered, compressed oops, compressed class ptrs, parallel gc, windows-amd64)
# No core dump will be written. Minidumps are not enabled by default on client versions of Windows
#

---------------  S U M M A R Y ------------

Command Line: --add-modules=ALL-SYSTEM --add-opens=java.base/java.util=ALL-UNNAMED --add-opens=java.base/java.lang=ALL-UNNAMED --add-opens=java.base/sun.nio.fs=ALL-UNNAMED -Declipse.application=org.eclipse.jdt.ls.core.id1 -Dosgi.bundles.defaultStartLevel=4 -Declipse.product=org.eclipse.jdt.ls.core.product -Djava.import.generatesMetadataFilesAtProjectRoot=false -DDetectVMInstallationsJob.disabled=true -Dfile.encoding=utf8 -XX:+UseParallelGC -XX:GCTimeRatio=4 -XX:AdaptiveSizePolicyWeight=90 -Dsun.zip.disableMemoryMapping=true -Xmx2G -Xms100m -Xlog:disable -javaagent:c:\Users\POS\.vscode\extensions\redhat.java-1.52.0-win32-x64\lombok\lombok-1.18.39-4050.jar -XX:+HeapDumpOnOutOfMemoryError -XX:HeapDumpPath=c:\Users\POS\AppData\Roaming\Code\User\workspaceStorage\3f08d4468f9520cad0527d64b7ab105f\redhat.java -Daether.dependencyCollector.impl=bf c:\Users\POS\.vscode\extensions\redhat.java-1.52.0-win32-x64\server\plugins\org.eclipse.equinox.launcher_1.7.100.v20251111-0406.jar -configuration c:\Users\POS\AppData\Roaming\Code\User\globalStorage\redhat.java\1.52.0\config_win -data c:\Users\POS\AppData\Roaming\Code\User\workspaceStorage\3f08d4468f9520cad0527d64b7ab105f\redhat.java\jdt_ws --pipe=\\.\pipe\lsp-315747aea9dcaa484d2982eb91e9ed6f-sock

Host: Intel(R) Core(TM) i3-4025U CPU @ 1.90GHz, 4 cores, 3G,  Windows 10 , 64 bit Build 19041 (10.0.19041.5915)
Time: Sat Feb  7 01:03:09 2026 Pacific Standard Time elapsed time: 2093.200062 seconds (0d 0h 34m 53s)

---------------  T H R E A D  ---------------

Current thread (0x000001d11f751fa0):  JavaThread "Attach Listener" daemon [_thread_in_vm, id=5320, stack(0x00000003f1400000,0x00000003f1500000) (1024K)]

Stack: [0x00000003f1400000,0x00000003f1500000]
Native frames: (J=compiled Java code, j=interpreted, Vv=VM code, C=native code)
V  [jvm.dll+0x6d6e29]
V  [jvm.dll+0x8b4b76]
V  [jvm.dll+0x8b712e]
V  [jvm.dll+0x8b7813]
V  [jvm.dll+0x283d86]
V  [jvm.dll+0xc1277]
V  [jvm.dll+0x6d76d9]
V  [jvm.dll+0x133466]
V  [jvm.dll+0x3f7ea6]
V  [jvm.dll+0x85e9ad]
V  [jvm.dll+0x6d565d]
C  [ucrtbase.dll+0x21bb2]
C  [KERNEL32.DLL+0x17374]
C  [ntdll.dll+0x4cc91]


---------------  P R O C E S S  ---------------

Threads class SMR info:
_java_thread_list=0x000001d100fb1540, length=37, elements={
0x000001d11d674120, 0x000001d11f74c870, 0x000001d11f750180, 0x000001d11f751090,
0x000001d11f751fa0, 0x000001d11f754dc0, 0x000001d11f756820, 0x000001d11f757650,
0x000001d11f7c9fd0, 0x000001d17c130de0, 0x000001d17c299ed0, 0x000001d11f7b7e60,
0x000001d17c38cb50, 0x000001d17c417f70, 0x000001d17c41a9b0, 0x000001d17cc1afa0,
0x000001d17c810da0, 0x000001d17cf0ee20, 0x000001d17d1cd070, 0x000001d17d1cc350,
0x000001d17d1ca910, 0x000001d17d1cafa0, 0x000001d17eb52160, 0x000001d17eb555e0,
0x000001d17eb52e80, 0x000001d17eb527f0, 0x000001d17eb54f50, 0x000001d17eb53ba0,
0x000001d17eb54230, 0x000001d17ea586a0, 0x000001d17ea5e910, 0x000001d17ea5b490,
0x000001d17ea58010, 0x000001d17ea5ced0, 0x000001d17ea5e280, 0x000001d17ea5efa0,
0x000001d17ea5a0e0
}

Java Threads: ( => current thread )
  0x000001d11d674120 JavaThread "main"                              [_thread_blocked, id=7924, stack(0x00000003f0d00000,0x00000003f0e00000) (1024K)]
  0x000001d11f74c870 JavaThread "Reference Handler"          daemon [_thread_blocked, id=11228, stack(0x00000003f1100000,0x00000003f1200000) (1024K)]
  0x000001d11f750180 JavaThread "Finalizer"                  daemon [_thread_blocked, id=5152, stack(0x00000003f1200000,0x00000003f1300000) (1024K)]
  0x000001d11f751090 JavaThread "Signal Dispatcher"          daemon [_thread_blocked, id=7084, stack(0x00000003f1300000,0x00000003f1400000) (1024K)]
=>0x000001d11f751fa0 JavaThread "Attach Listener"            daemon [_thread_in_vm, id=5320, stack(0x00000003f1400000,0x00000003f1500000) (1024K)]
  0x000001d11f754dc0 JavaThread "Service Thread"             daemon [_thread_blocked, id=3328, stack(0x00000003f1500000,0x00000003f1600000) (1024K)]
  0x000001d11f756820 JavaThread "Monitor Deflation Thread"   daemon [_thread_blocked, id=7848, stack(0x00000003f1600000,0x00000003f1700000) (1024K)]
  0x000001d11f757650 JavaThread "C2 CompilerThread0"         daemon [_thread_blocked, id=8632, stack(0x00000003f1700000,0x00000003f1800000) (1024K)]
  0x000001d11f7c9fd0 JavaThread "C1 CompilerThread0"         daemon [_thread_blocked, id=5108, stack(0x00000003f1800000,0x00000003f1900000) (1024K)]
  0x000001d17c130de0 JavaThread "Common-Cleaner"             daemon [_thread_blocked, id=568, stack(0x00000003f1900000,0x00000003f1a00000) (1024K)]
  0x000001d17c299ed0 JavaThread "Notification Thread"        daemon [_thread_blocked, id=6996, stack(0x00000003f1a00000,0x00000003f1b00000) (1024K)]
  0x000001d11f7b7e60 JavaThread "Active Thread: Equinox Container: 3950d567-eec5-4dbb-b869-b371fac03eb9"        [_thread_blocked, id=9556, stack(0x00000003f1e00000,0x00000003f1f00000) (1024K)]
  0x000001d17c38cb50 JavaThread "Refresh Thread: Equinox Container: 3950d567-eec5-4dbb-b869-b371fac03eb9" daemon [_thread_blocked, id=1412, stack(0x00000003f1f00000,0x00000003f2000000) (1024K)]
  0x000001d17c417f70 JavaThread "Framework Event Dispatcher: Equinox Container: 3950d567-eec5-4dbb-b869-b371fac03eb9" daemon [_thread_blocked, id=8816, stack(0x00000003f2000000,0x00000003f2100000) (1024K)]
  0x000001d17c41a9b0 JavaThread "Start Level: Equinox Container: 3950d567-eec5-4dbb-b869-b371fac03eb9" daemon [_thread_blocked, id=228, stack(0x00000003f2100000,0x00000003f2200000) (1024K)]
  0x000001d17cc1afa0 JavaThread "Bundle File Closer"         daemon [_thread_blocked, id=9552, stack(0x00000003f2200000,0x00000003f2300000) (1024K)]
  0x000001d17c810da0 JavaThread "SCR Component Actor"        daemon [_thread_blocked, id=5696, stack(0x00000003f0c00000,0x00000003f0d00000) (1024K)]
  0x000001d17cf0ee20 JavaThread "Worker-JM"                         [_thread_blocked, id=7888, stack(0x00000003f0b00000,0x00000003f0c00000) (1024K)]
  0x000001d17d1cd070 JavaThread "Java indexing"              daemon [_thread_blocked, id=10652, stack(0x00000003f2800000,0x00000003f2900000) (1024K)]
  0x000001d17d1cc350 JavaThread "JNA Cleaner"                daemon [_thread_blocked, id=5604, stack(0x00000003f2a00000,0x00000003f2b00000) (1024K)]
  0x000001d17d1ca910 JavaThread "Thread-1"                   daemon [_thread_in_native, id=10920, stack(0x00000003f2f00000,0x00000003f3000000) (1024K)]
  0x000001d17d1cafa0 JavaThread "Thread-2"                   daemon [_thread_in_native, id=8640, stack(0x00000003f3000000,0x00000003f3100000) (1024K)]
  0x000001d17eb52160 JavaThread "Thread-3"                   daemon [_thread_in_native, id=5040, stack(0x00000003f3100000,0x00000003f3200000) (1024K)]
  0x000001d17eb555e0 JavaThread "Thread-4"                   daemon [_thread_in_native, id=6872, stack(0x00000003f3200000,0x00000003f3300000) (1024K)]
  0x000001d17eb52e80 JavaThread "Thread-5"                   daemon [_thread_in_native, id=1784, stack(0x00000003f3300000,0x00000003f3400000) (1024K)]
  0x000001d17eb527f0 JavaThread "pool-2-thread-1"                   [_thread_blocked, id=10664, stack(0x00000003f3400000,0x00000003f3500000) (1024K)]
  0x000001d17eb54f50 JavaThread "WorkspaceEventsHandler"            [_thread_blocked, id=7872, stack(0x00000003f3500000,0x00000003f3600000) (1024K)]
  0x000001d17eb53ba0 JavaThread "pool-1-thread-1"                   [_thread_blocked, id=7320, stack(0x00000003f3600000,0x00000003f3700000) (1024K)]
  0x000001d17eb54230 JavaThread "Timer-0"                           [_thread_blocked, id=10544, stack(0x00000003f3800000,0x00000003f3900000) (1024K)]
  0x000001d17ea586a0 JavaThread "Timer-1"                           [_thread_blocked, id=10740, stack(0x00000003f2900000,0x00000003f2a00000) (1024K)]
  0x000001d17ea5e910 JavaThread "Timer-2"                           [_thread_blocked, id=9628, stack(0x00000003f2b00000,0x00000003f2c00000) (1024K)]
  0x000001d17ea5b490 JavaThread "Timer-3"                           [_thread_blocked, id=5664, stack(0x00000003f2c00000,0x00000003f2d00000) (1024K)]
  0x000001d17ea58010 JavaThread "Timer-4"                           [_thread_blocked, id=3172, stack(0x00000003f2d00000,0x00000003f2e00000) (1024K)]
  0x000001d17ea5ced0 JavaThread "Worker-6"                          [_thread_blocked, id=5080, stack(0x00000003f3900000,0x00000003f3a00000) (1024K)]
  0x000001d17ea5e280 JavaThread "Timer-5"                           [_thread_blocked, id=11080, stack(0x00000003f2300000,0x00000003f2400000) (1024K)]
  0x000001d17ea5efa0 JavaThread "Worker-7"                          [_thread_blocked, id=6696, stack(0x00000003f2400000,0x00000003f2500000) (1024K)]
  0x000001d17ea5a0e0 JavaThread "Timer-6"                           [_thread_blocked, id=4632, stack(0x00000003f2500000,0x00000003f2600000) (1024K)]
Total: 37

Other Threads:
  0x000001d11f72ea60 VMThread "VM Thread"                           [id=1640, stack(0x00000003f1000000,0x00000003f1100000) (1024K)]
  0x000001d11f6a1b20 WatcherThread "VM Periodic Task Thread"        [id=9728, stack(0x00000003f0f00000,0x00000003f1000000) (1024K)]
  0x000001d11f880730 WorkerThread "GC Thread#0"                     [id=8644, stack(0x00000003f0e00000,0x00000003f0f00000) (1024K)]
  0x000001d17c5eb480 WorkerThread "GC Thread#1"                     [id=8772, stack(0x00000003f1b00000,0x00000003f1c00000) (1024K)]
  0x000001d17c5eb820 WorkerThread "GC Thread#2"                     [id=9880, stack(0x00000003f1c00000,0x00000003f1d00000) (1024K)]
  0x000001d17c5ebbc0 WorkerThread "GC Thread#3"                     [id=1116, stack(0x00000003f1d00000,0x00000003f1e00000) (1024K)]
Total: 6

Threads with active compile tasks:
Total: 0

VM state: not at safepoint (normal execution)

VM Mutex/Monitor currently owned by a thread: None

Heap address: 0x0000000080000000, size: 2048 MB, Compressed Oops mode: 32-bit

CDS archive(s) mapped at: [0x000001d137000000-0x000001d137ba0000-0x000001d137ba0000), size 12189696, SharedBaseAddress: 0x000001d137000000, ArchiveRelocationMode: 1.
Compressed class space mapped at: 0x000001d138000000-0x000001d178000000, reserved size: 1073741824
Narrow klass base: 0x000001d137000000, Narrow klass shift: 0, Narrow klass range: 0x100000000

GC Precious Log:
 CardTable entry size: 512
 CPUs: 4 total, 4 available
 Memory: 4017M
 Large Page Support: Disabled
 NUMA Support: Disabled
 Compressed Oops: Enabled (32-bit)
 Alignments: Space 512K, Generation 512K, Heap 2M
 Heap Min Capacity: 100M
 Heap Initial Capacity: 100M
 Heap Max Capacity: 2G
 Pre-touch: Disabled
 Parallel Workers: 4

Heap:
 PSYoungGen      total 22016K, used 1623K [0x00000000d5580000, 0x00000000d6e80000, 0x0000000100000000)
  eden space 21504K, 5% used [0x00000000d5580000,0x00000000d5697a90,0x00000000d6a80000)
  from space 512K, 98% used [0x00000000d6d80000,0x00000000d6dfe1a8,0x00000000d6e00000)
  to   space 512K, 0% used [0x00000000d6e00000,0x00000000d6e00000,0x00000000d6e80000)
 ParOldGen       total 68608K, used 45868K [0x0000000080000000, 0x0000000084300000, 0x00000000d5580000)
  object space 68608K, 66% used [0x0000000080000000,0x0000000082ccb1a0,0x0000000084300000)
 Metaspace       used 71405K, committed 72896K, reserved 1114112K
  class space    used 8948K, committed 9664K, reserved 1048576K

Card table byte_map: [0x000001d11f210000,0x000001d11f620000] _byte_map_base: 0x000001d11ee10000

Marking Bits: (ParMarkBitMap*) 0x00007ff8c8dd2460
 Begin Bits: [0x000001d131d20000, 0x000001d133d20000)
 End Bits:   [0x000001d133d20000, 0x000001d135d20000)

Polling page: 0x000001d11d610000

Metaspace:

Usage:
  Non-class:     60.99 MB used.
      Class:      8.74 MB used.
       Both:     69.73 MB used.

Virtual space:
  Non-class space:       64.00 MB reserved,      61.75 MB ( 96%) committed,  1 nodes.
      Class space:        1.00 GB reserved,       9.44 MB ( <1%) committed,  1 nodes.
             Both:        1.06 GB reserved,      71.19 MB (  7%) committed. 

Chunk freelists:
   Non-Class:  1.33 MB
       Class:  6.52 MB
        Both:  7.84 MB

MaxMetaspaceSize: unlimited
CompressedClassSpaceSize: 1.00 GB
Initial GC threshold: 21.00 MB
Current GC threshold: 97.31 MB
CDS: on
 - commit_granule_bytes: 65536.
 - commit_granule_words: 8192.
 - virtual_space_node_default_size: 8388608.
 - enlarge_chunks_in_place: 1.
 - use_allocation_guard: 0.


Internal statistics:

num_allocs_failed_limit: 9.
num_arena_births: 1292.
num_arena_deaths: 22.
num_vsnodes_births: 2.
num_vsnodes_deaths: 0.
num_space_committed: 1139.
num_space_uncommitted: 0.
num_chunks_returned_to_freelist: 35.
num_chunks_taken_from_freelist: 4375.
num_chunk_merges: 11.
num_chunk_splits: 2720.
num_chunks_enlarged: 1626.
num_inconsistent_stats: 0.

CodeHeap 'non-profiled nmethods': size=120000Kb used=5730Kb max_used=5730Kb free=114269Kb
 bounds [0x000001d12a540000, 0x000001d12aae0000, 0x000001d131a70000]
CodeHeap 'profiled nmethods': size=120000Kb used=17824Kb max_used=17824Kb free=102176Kb
 bounds [0x000001d122a70000, 0x000001d123be0000, 0x000001d129fa0000]
CodeHeap 'non-nmethods': size=5760Kb used=1429Kb max_used=1481Kb free=4330Kb
 bounds [0x000001d129fa0000, 0x000001d12a210000, 0x000001d12a540000]
CodeCache: size=245760Kb, used=24983Kb, max_used=25035Kb, free=220775Kb
 total_blobs=9429, nmethods=8690, adapters=645, full_count=0
Compilation: enabled, stopped_count=0, restarted_count=0

Compilation events (20 events):
Event: 761.711 Thread 0x000001d11f7c9fd0 9493   !   3       sun.nio.cs.StreamDecoder::inReady (36 bytes)
Event: 761.713 Thread 0x000001d11f7c9fd0 nmethod 9493 0x000001d123bd5210 code [0x000001d123bd53e0, 0x000001d123bd57b0]
Event: 821.725 Thread 0x000001d11f7c9fd0 9494   !   3       org.eclipse.core.internal.jobs.JobManager::sleepHint (67 bytes)
Event: 821.727 Thread 0x000001d11f7c9fd0 nmethod 9494 0x000001d123bd5890 code [0x000001d123bd5b00, 0x000001d123bd65d0]
Event: 821.727 Thread 0x000001d11f7c9fd0 9495       3       org.eclipse.core.internal.jobs.JobQueue::isEmpty (18 bytes)
Event: 821.727 Thread 0x000001d11f7c9fd0 nmethod 9495 0x000001d123bd6a90 code [0x000001d123bd6c40, 0x000001d123bd6dd0]
Event: 906.929 Thread 0x000001d11f757650 9496       4       java.util.concurrent.locks.LockSupport::setBlocker (12 bytes)
Event: 906.930 Thread 0x000001d11f757650 nmethod 9496 0x000001d12aad7e90 code [0x000001d12aad8000, 0x000001d12aad8088]
Event: 982.855 Thread 0x000001d11f7c9fd0 9498       3       java.lang.Module::getClassLoader (20 bytes)
Event: 982.857 Thread 0x000001d11f7c9fd0 nmethod 9498 0x000001d123bd6e90 code [0x000001d123bd7040, 0x000001d123bd7238]
Event: 1360.203 Thread 0x000001d11f7c9fd0 9499       3       org.eclipse.core.internal.utils.StringPool::add (50 bytes)
Event: 1360.229 Thread 0x000001d11f7c9fd0 nmethod 9499 0x000001d123bd7310 code [0x000001d123bd7500, 0x000001d123bd79d0]
Event: 1361.770 Thread 0x000001d11f7c9fd0 9500       3       java.util.concurrent.ScheduledThreadPoolExecutor::triggerTime (22 bytes)
Event: 1361.772 Thread 0x000001d11f7c9fd0 nmethod 9500 0x000001d123bd7b90 code [0x000001d123bd7d40, 0x000001d123bd7f20]
Event: 1387.912 Thread 0x000001d11f7c9fd0 9501       1       org.eclipse.jdt.ls.core.internal.LanguageServerApplication::getParentProcessId (5 bytes)
Event: 1387.913 Thread 0x000001d11f7c9fd0 nmethod 9501 0x000001d12aad8190 code [0x000001d12aad8320, 0x000001d12aad83e8]
Event: 1792.979 Thread 0x000001d11f7c9fd0 9502       1       com.sun.jna.internal.Cleaner::access$100 (5 bytes)
Event: 1792.986 Thread 0x000001d11f7c9fd0 nmethod 9502 0x000001d12aad8490 code [0x000001d12aad8620, 0x000001d12aad86d0]
Event: 1900.256 Thread 0x000001d11f757650 9503       4       jdk.internal.misc.Unsafe::weakCompareAndSetLong (11 bytes)
Event: 1900.268 Thread 0x000001d11f757650 nmethod 9503 0x000001d12aad8790 code [0x000001d12aad8920, 0x000001d12aad89c0]

GC Heap History (20 events):
Event: 386.070 GC heap before
{Heap before GC invocations=59 (full 3):
 PSYoungGen      total 23040K, used 22064K [0x00000000d5580000, 0x00000000d6f80000, 0x0000000100000000)
  eden space 21504K, 100% used [0x00000000d5580000,0x00000000d6a80000,0x00000000d6a80000)
  from space 1536K, 36% used [0x00000000d6c80000,0x00000000d6d0c0d0,0x00000000d6e00000)
  to   space 1024K, 0% used [0x00000000d6e80000,0x00000000d6e80000,0x00000000d6f80000)
 ParOldGen       total 68608K, used 43833K [0x0000000080000000, 0x0000000084300000, 0x00000000d5580000)
  object space 68608K, 63% used [0x0000000080000000,0x0000000082ace478,0x0000000084300000)
 Metaspace       used 66414K, committed 67712K, reserved 1114112K
  class space    used 8322K, committed 8896K, reserved 1048576K
}
Event: 386.071 GC heap after
{Heap after GC invocations=59 (full 3):
 PSYoungGen      total 22016K, used 160K [0x00000000d5580000, 0x00000000d6f00000, 0x0000000100000000)
  eden space 21504K, 0% used [0x00000000d5580000,0x00000000d5580000,0x00000000d6a80000)
  from space 512K, 31% used [0x00000000d6e80000,0x00000000d6ea8000,0x00000000d6f00000)
  to   space 512K, 0% used [0x00000000d6e00000,0x00000000d6e00000,0x00000000d6e80000)
 ParOldGen       total 68608K, used 43865K [0x0000000080000000, 0x0000000084300000, 0x00000000d5580000)
  object space 68608K, 63% used [0x0000000080000000,0x0000000082ad6478,0x0000000084300000)
 Metaspace       used 66414K, committed 67712K, reserved 1114112K
  class space    used 8322K, committed 8896K, reserved 1048576K
}
Event: 386.342 GC heap before
{Heap before GC invocations=60 (full 3):
 PSYoungGen      total 22016K, used 21664K [0x00000000d5580000, 0x00000000d6f00000, 0x0000000100000000)
  eden space 21504K, 100% used [0x00000000d5580000,0x00000000d6a80000,0x00000000d6a80000)
  from space 512K, 31% used [0x00000000d6e80000,0x00000000d6ea8000,0x00000000d6f00000)
  to   space 512K, 0% used [0x00000000d6e00000,0x00000000d6e00000,0x00000000d6e80000)
 ParOldGen       total 68608K, used 43865K [0x0000000080000000, 0x0000000084300000, 0x00000000d5580000)
  object space 68608K, 63% used [0x0000000080000000,0x0000000082ad6478,0x0000000084300000)
 Metaspace       used 66414K, committed 67712K, reserved 1114112K
  class space    used 8322K, committed 8896K, reserved 1048576K
}
Event: 386.342 GC heap after
{Heap after GC invocations=60 (full 3):
 PSYoungGen      total 22016K, used 333K [0x00000000d5580000, 0x00000000d6f00000, 0x0000000100000000)
  eden space 21504K, 0% used [0x00000000d5580000,0x00000000d5580000,0x00000000d6a80000)
  from space 512K, 65% used [0x00000000d6e00000,0x00000000d6e53420,0x00000000d6e80000)
  to   space 512K, 0% used [0x00000000d6e80000,0x00000000d6e80000,0x00000000d6f00000)
 ParOldGen       total 68608K, used 43873K [0x0000000080000000, 0x0000000084300000, 0x00000000d5580000)
  object space 68608K, 63% used [0x0000000080000000,0x0000000082ad8478,0x0000000084300000)
 Metaspace       used 66414K, committed 67712K, reserved 1114112K
  class space    used 8322K, committed 8896K, reserved 1048576K
}
Event: 386.609 GC heap before
{Heap before GC invocations=61 (full 3):
 PSYoungGen      total 22016K, used 21837K [0x00000000d5580000, 0x00000000d6f00000, 0x0000000100000000)
  eden space 21504K, 100% used [0x00000000d5580000,0x00000000d6a80000,0x00000000d6a80000)
  from space 512K, 65% used [0x00000000d6e00000,0x00000000d6e53420,0x00000000d6e80000)
  to   space 512K, 0% used [0x00000000d6e80000,0x00000000d6e80000,0x00000000d6f00000)
 ParOldGen       total 68608K, used 43873K [0x0000000080000000, 0x0000000084300000, 0x00000000d5580000)
  object space 68608K, 63% used [0x0000000080000000,0x0000000082ad8478,0x0000000084300000)
 Metaspace       used 66414K, committed 67712K, reserved 1114112K
  class space    used 8322K, committed 8896K, reserved 1048576K
}
Event: 386.610 GC heap after
{Heap after GC invocations=61 (full 3):
 PSYoungGen      total 22016K, used 160K [0x00000000d5580000, 0x00000000d6f00000, 0x0000000100000000)
  eden space 21504K, 0% used [0x00000000d5580000,0x00000000d5580000,0x00000000d6a80000)
  from space 512K, 31% used [0x00000000d6e80000,0x00000000d6ea8000,0x00000000d6f00000)
  to   space 512K, 0% used [0x00000000d6e00000,0x00000000d6e00000,0x00000000d6e80000)
 ParOldGen       total 68608K, used 43889K [0x0000000080000000, 0x0000000084300000, 0x00000000d5580000)
  object space 68608K, 63% used [0x0000000080000000,0x0000000082adc478,0x0000000084300000)
 Metaspace       used 66414K, committed 67712K, reserved 1114112K
  class space    used 8322K, committed 8896K, reserved 1048576K
}
Event: 386.919 GC heap before
{Heap before GC invocations=62 (full 3):
 PSYoungGen      total 22016K, used 21664K [0x00000000d5580000, 0x00000000d6f00000, 0x0000000100000000)
  eden space 21504K, 100% used [0x00000000d5580000,0x00000000d6a80000,0x00000000d6a80000)
  from space 512K, 31% used [0x00000000d6e80000,0x00000000d6ea8000,0x00000000d6f00000)
  to   space 512K, 0% used [0x00000000d6e00000,0x00000000d6e00000,0x00000000d6e80000)
 ParOldGen       total 68608K, used 43889K [0x0000000080000000, 0x0000000084300000, 0x00000000d5580000)
  object space 68608K, 63% used [0x0000000080000000,0x0000000082adc478,0x0000000084300000)
 Metaspace       used 66414K, committed 67712K, reserved 1114112K
  class space    used 8322K, committed 8896K, reserved 1048576K
}
Event: 386.920 GC heap after
{Heap after GC invocations=62 (full 3):
 PSYoungGen      total 22016K, used 256K [0x00000000d5580000, 0x00000000d6f00000, 0x0000000100000000)
  eden space 21504K, 0% used [0x00000000d5580000,0x00000000d5580000,0x00000000d6a80000)
  from space 512K, 50% used [0x00000000d6e00000,0x00000000d6e40000,0x00000000d6e80000)
  to   space 512K, 0% used [0x00000000d6e80000,0x00000000d6e80000,0x00000000d6f00000)
 ParOldGen       total 68608K, used 43939K [0x0000000080000000, 0x0000000084300000, 0x00000000d5580000)
  object space 68608K, 64% used [0x0000000080000000,0x0000000082ae8ce0,0x0000000084300000)
 Metaspace       used 66414K, committed 67712K, reserved 1114112K
  class space    used 8322K, committed 8896K, reserved 1048576K
}
Event: 387.181 GC heap before
{Heap before GC invocations=63 (full 3):
 PSYoungGen      total 22016K, used 21760K [0x00000000d5580000, 0x00000000d6f00000, 0x0000000100000000)
  eden space 21504K, 100% used [0x00000000d5580000,0x00000000d6a80000,0x00000000d6a80000)
  from space 512K, 50% used [0x00000000d6e00000,0x00000000d6e40000,0x00000000d6e80000)
  to   space 512K, 0% used [0x00000000d6e80000,0x00000000d6e80000,0x00000000d6f00000)
 ParOldGen       total 68608K, used 43939K [0x0000000080000000, 0x0000000084300000, 0x00000000d5580000)
  object space 68608K, 64% used [0x0000000080000000,0x0000000082ae8ce0,0x0000000084300000)
 Metaspace       used 66414K, committed 67712K, reserved 1114112K
  class space    used 8322K, committed 8896K, reserved 1048576K
}
Event: 387.182 GC heap after
{Heap after GC invocations=63 (full 3):
 PSYoungGen      total 22016K, used 496K [0x00000000d5580000, 0x00000000d6f00000, 0x0000000100000000)
  eden space 21504K, 0% used [0x00000000d5580000,0x00000000d5580000,0x00000000d6a80000)
  from space 512K, 97% used [0x00000000d6e80000,0x00000000d6efc3f0,0x00000000d6f00000)
  to   space 1024K, 0% used [0x00000000d6d00000,0x00000000d6d00000,0x00000000d6e00000)
 ParOldGen       total 68608K, used 44087K [0x0000000080000000, 0x0000000084300000, 0x00000000d5580000)
  object space 68608K, 64% used [0x0000000080000000,0x0000000082b0dcb0,0x0000000084300000)
 Metaspace       used 66414K, committed 67712K, reserved 1114112K
  class space    used 8322K, committed 8896K, reserved 1048576K
}
Event: 397.519 GC heap before
{Heap before GC invocations=64 (full 3):
 PSYoungGen      total 22016K, used 22000K [0x00000000d5580000, 0x00000000d6f00000, 0x0000000100000000)
  eden space 21504K, 100% used [0x00000000d5580000,0x00000000d6a80000,0x00000000d6a80000)
  from space 512K, 97% used [0x00000000d6e80000,0x00000000d6efc3f0,0x00000000d6f00000)
  to   space 1024K, 0% used [0x00000000d6d00000,0x00000000d6d00000,0x00000000d6e00000)
 ParOldGen       total 68608K, used 44087K [0x0000000080000000, 0x0000000084300000, 0x00000000d5580000)
  object space 68608K, 64% used [0x0000000080000000,0x0000000082b0dcb0,0x0000000084300000)
 Metaspace       used 68180K, committed 69504K, reserved 1114112K
  class space    used 8554K, committed 9152K, reserved 1048576K
}
Event: 397.523 GC heap after
{Heap after GC invocations=64 (full 3):
 PSYoungGen      total 22528K, used 384K [0x00000000d5580000, 0x00000000d6f00000, 0x0000000100000000)
  eden space 21504K, 0% used [0x00000000d5580000,0x00000000d5580000,0x00000000d6a80000)
  from space 1024K, 37% used [0x00000000d6d00000,0x00000000d6d60010,0x00000000d6e00000)
  to   space 512K, 0% used [0x00000000d6e80000,0x00000000d6e80000,0x00000000d6f00000)
 ParOldGen       total 68608K, used 44111K [0x0000000080000000, 0x0000000084300000, 0x00000000d5580000)
  object space 68608K, 64% used [0x0000000080000000,0x0000000082b13cb0,0x0000000084300000)
 Metaspace       used 68180K, committed 69504K, reserved 1114112K
  class space    used 8554K, committed 9152K, reserved 1048576K
}
Event: 450.033 GC heap before
{Heap before GC invocations=65 (full 3):
 PSYoungGen      total 22528K, used 21888K [0x00000000d5580000, 0x00000000d6f00000, 0x0000000100000000)
  eden space 21504K, 100% used [0x00000000d5580000,0x00000000d6a80000,0x00000000d6a80000)
  from space 1024K, 37% used [0x00000000d6d00000,0x00000000d6d60010,0x00000000d6e00000)
  to   space 512K, 0% used [0x00000000d6e80000,0x00000000d6e80000,0x00000000d6f00000)
 ParOldGen       total 68608K, used 44111K [0x0000000080000000, 0x0000000084300000, 0x00000000d5580000)
  object space 68608K, 64% used [0x0000000080000000,0x0000000082b13cb0,0x0000000084300000)
 Metaspace       used 69151K, committed 70528K, reserved 1114112K
  class space    used 8665K, committed 9280K, reserved 1048576K
}
Event: 450.037 GC heap after
{Heap after GC invocations=65 (full 3):
 PSYoungGen      total 22016K, used 512K [0x00000000d5580000, 0x00000000d6f00000, 0x0000000100000000)
  eden space 21504K, 0% used [0x00000000d5580000,0x00000000d5580000,0x00000000d6a80000)
  from space 512K, 100% used [0x00000000d6e80000,0x00000000d6f00000,0x00000000d6f00000)
  to   space 1536K, 0% used [0x00000000d6c00000,0x00000000d6c00000,0x00000000d6d80000)
 ParOldGen       total 68608K, used 44873K [0x0000000080000000, 0x0000000084300000, 0x00000000d5580000)
  object space 68608K, 65% used [0x0000000080000000,0x0000000082bd26f0,0x0000000084300000)
 Metaspace       used 69151K, committed 70528K, reserved 1114112K
  class space    used 8665K, committed 9280K, reserved 1048576K
}
Event: 456.498 GC heap before
{Heap before GC invocations=66 (full 3):
 PSYoungGen      total 22016K, used 22016K [0x00000000d5580000, 0x00000000d6f00000, 0x0000000100000000)
  eden space 21504K, 100% used [0x00000000d5580000,0x00000000d6a80000,0x00000000d6a80000)
  from space 512K, 100% used [0x00000000d6e80000,0x00000000d6f00000,0x00000000d6f00000)
  to   space 1536K, 0% used [0x00000000d6c00000,0x00000000d6c00000,0x00000000d6d80000)
 ParOldGen       total 68608K, used 44873K [0x0000000080000000, 0x0000000084300000, 0x00000000d5580000)
  object space 68608K, 65% used [0x0000000080000000,0x0000000082bd26f0,0x0000000084300000)
 Metaspace       used 69757K, committed 71104K, reserved 1114112K
  class space    used 8740K, committed 9344K, reserved 1048576K
}
Event: 456.501 GC heap after
{Heap after GC invocations=66 (full 3):
 PSYoungGen      total 23040K, used 479K [0x00000000d5580000, 0x00000000d6f00000, 0x0000000100000000)
  eden space 21504K, 0% used [0x00000000d5580000,0x00000000d5580000,0x00000000d6a80000)
  from space 1536K, 31% used [0x00000000d6c00000,0x00000000d6c77f40,0x00000000d6d80000)
  to   space 1024K, 0% used [0x00000000d6e00000,0x00000000d6e00000,0x00000000d6f00000)
 ParOldGen       total 68608K, used 45380K [0x0000000080000000, 0x0000000084300000, 0x00000000d5580000)
  object space 68608K, 66% used [0x0000000080000000,0x0000000082c51260,0x0000000084300000)
 Metaspace       used 69757K, committed 71104K, reserved 1114112K
  class space    used 8740K, committed 9344K, reserved 1048576K
}
Event: 458.353 GC heap before
{Heap before GC invocations=67 (full 3):
 PSYoungGen      total 23040K, used 21983K [0x00000000d5580000, 0x00000000d6f00000, 0x0000000100000000)
  eden space 21504K, 100% used [0x00000000d5580000,0x00000000d6a80000,0x00000000d6a80000)
  from space 1536K, 31% used [0x00000000d6c00000,0x00000000d6c77f40,0x00000000d6d80000)
  to   space 1024K, 0% used [0x00000000d6e00000,0x00000000d6e00000,0x00000000d6f00000)
 ParOldGen       total 68608K, used 45380K [0x0000000080000000, 0x0000000084300000, 0x00000000d5580000)
  object space 68608K, 66% used [0x0000000080000000,0x0000000082c51260,0x0000000084300000)
 Metaspace       used 69763K, committed 71104K, reserved 1114112K
  class space    used 8741K, committed 9344K, reserved 1048576K
}
Event: 458.357 GC heap after
{Heap after GC invocations=67 (full 3):
 PSYoungGen      total 22016K, used 128K [0x00000000d5580000, 0x00000000d6e80000, 0x0000000100000000)
  eden space 21504K, 0% used [0x00000000d5580000,0x00000000d5580000,0x00000000d6a80000)
  from space 512K, 25% used [0x00000000d6e00000,0x00000000d6e20000,0x00000000d6e80000)
  to   space 512K, 0% used [0x00000000d6d80000,0x00000000d6d80000,0x00000000d6e00000)
 ParOldGen       total 68608K, used 45772K [0x0000000080000000, 0x0000000084300000, 0x00000000d5580000)
  object space 68608K, 66% used [0x0000000080000000,0x0000000082cb31a0,0x0000000084300000)
 Metaspace       used 69763K, committed 71104K, reserved 1114112K
  class space    used 8741K, committed 9344K, reserved 1048576K
}
Event: 462.749 GC heap before
{Heap before GC invocations=68 (full 3):
 PSYoungGen      total 22016K, used 21632K [0x00000000d5580000, 0x00000000d6e80000, 0x0000000100000000)
  eden space 21504K, 100% used [0x00000000d5580000,0x00000000d6a80000,0x00000000d6a80000)
  from space 512K, 25% used [0x00000000d6e00000,0x00000000d6e20000,0x00000000d6e80000)
  to   space 512K, 0% used [0x00000000d6d80000,0x00000000d6d80000,0x00000000d6e00000)
 ParOldGen       total 68608K, used 45772K [0x0000000080000000, 0x0000000084300000, 0x00000000d5580000)
  object space 68608K, 66% used [0x0000000080000000,0x0000000082cb31a0,0x0000000084300000)
 Metaspace       used 71338K, committed 72832K, reserved 1114112K
  class space    used 8937K, committed 9664K, reserved 1048576K
}
Event: 462.754 GC heap after
{Heap after GC invocations=68 (full 3):
 PSYoungGen      total 22016K, used 504K [0x00000000d5580000, 0x00000000d6e80000, 0x0000000100000000)
  eden space 21504K, 0% used [0x00000000d5580000,0x00000000d5580000,0x00000000d6a80000)
  from space 512K, 98% used [0x00000000d6d80000,0x00000000d6dfe1a8,0x00000000d6e00000)
  to   space 512K, 0% used [0x00000000d6e00000,0x00000000d6e00000,0x00000000d6e80000)
 ParOldGen       total 68608K, used 45868K [0x0000000080000000, 0x0000000084300000, 0x00000000d5580000)
  object space 68608K, 66% used [0x0000000080000000,0x0000000082ccb1a0,0x0000000084300000)
 Metaspace       used 71338K, committed 72832K, reserved 1114112K
  class space    used 8937K, committed 9664K, reserved 1048576K
}

Dll operation events (15 events):
Event: 0.023 Loaded shared library c:\Users\POS\.vscode\extensions\redhat.java-1.52.0-win32-x64\jre\21.0.9-win32-x86_64\bin\java.dll
Event: 0.958 Loaded shared library c:\Users\POS\.vscode\extensions\redhat.java-1.52.0-win32-x64\jre\21.0.9-win32-x86_64\bin\zip.dll
Event: 1.089 Loaded shared library C:\Users\POS\.vscode\extensions\redhat.java-1.52.0-win32-x64\jre\21.0.9-win32-x86_64\bin\instrument.dll
Event: 1.367 Loaded shared library C:\Users\POS\.vscode\extensions\redhat.java-1.52.0-win32-x64\jre\21.0.9-win32-x86_64\bin\net.dll
Event: 1.372 Loaded shared library C:\Users\POS\.vscode\extensions\redhat.java-1.52.0-win32-x64\jre\21.0.9-win32-x86_64\bin\nio.dll
Event: 1.378 Loaded shared library C:\Users\POS\.vscode\extensions\redhat.java-1.52.0-win32-x64\jre\21.0.9-win32-x86_64\bin\zip.dll
Event: 1.412 Loaded shared library C:\Users\POS\.vscode\extensions\redhat.java-1.52.0-win32-x64\jre\21.0.9-win32-x86_64\bin\jimage.dll
Event: 1.961 Loaded shared library c:\Users\POS\.vscode\extensions\redhat.java-1.52.0-win32-x64\jre\21.0.9-win32-x86_64\bin\verify.dll
Event: 36.895 Loaded shared library C:\Users\POS\AppData\Roaming\Code\User\globalStorage\redhat.java\1.52.0\config_win\org.eclipse.equinox.launcher\org.eclipse.equinox.launcher.win32.win32.x86_64_1.2.1500.v20260121-1430\eclipse_11919.dll
Event: 94.090 Loaded shared library C:\Users\POS\.vscode\extensions\redhat.java-1.52.0-win32-x64\jre\21.0.9-win32-x86_64\bin\management.dll
Event: 94.098 Loaded shared library C:\Users\POS\.vscode\extensions\redhat.java-1.52.0-win32-x64\jre\21.0.9-win32-x86_64\bin\management_ext.dll
Event: 105.425 Loaded shared library C:\Users\POS\AppData\Local\Temp\jna-79412\jna1821204762874311779.dll
Event: 106.031 Loaded shared library C:\Users\POS\.vscode\extensions\redhat.java-1.52.0-win32-x64\jre\21.0.9-win32-x86_64\bin\sunmscapi.dll
Event: 107.832 Loaded shared library C:\Users\POS\.vscode\extensions\redhat.java-1.52.0-win32-x64\jre\21.0.9-win32-x86_64\bin\extnet.dll
Event: 354.367 Loaded shared library C:\Users\POS\.gradle\native\c067742578af261105cb4f569cf0c3c89f3d7b1fecec35dd04571415982c5e48\windows-amd64\native-platform.dll

Deoptimization events (20 events):
Event: 459.792 Thread 0x000001d17ea593c0 DEOPT PACKING pc=0x000001d12aaa52a8 sp=0x00000003f2eff030
Event: 459.792 Thread 0x000001d17ea593c0 DEOPT UNPACKING pc=0x000001d129ff3aa2 sp=0x00000003f2efefc8 mode 2
Event: 459.867 Thread 0x000001d17d1cbcc0 DEOPT PACKING pc=0x000001d123b38b46 sp=0x00000003f27fea80
Event: 459.867 Thread 0x000001d17d1cbcc0 DEOPT UNPACKING pc=0x000001d129ff4242 sp=0x00000003f27fe000 mode 0
Event: 460.156 Thread 0x000001d17ea5ae00 Uncommon trap: trap_request=0xffffff45 fr.pc=0x000001d12a6bf87c relative=0x000000000000071c
Event: 460.156 Thread 0x000001d17ea5ae00 Uncommon trap: reason=unstable_if action=reinterpret pc=0x000001d12a6bf87c method=org.eclipse.osgi.internal.framework.BundleContextImpl.setContextFinder()Ljava/lang/Object; @ 36 c2
Event: 460.157 Thread 0x000001d17ea5ae00 DEOPT PACKING pc=0x000001d12a6bf87c sp=0x00000003f3cfded0
Event: 460.157 Thread 0x000001d17ea5ae00 DEOPT UNPACKING pc=0x000001d129ff3aa2 sp=0x00000003f3cfddf8 mode 2
Event: 460.296 Thread 0x000001d17ea5ae00 Uncommon trap: trap_request=0xffffff3d fr.pc=0x000001d12a9885cc relative=0x0000000000001e2c
Event: 460.296 Thread 0x000001d17ea5ae00 Uncommon trap: reason=unstable_fused_if action=reinterpret pc=0x000001d12a9885cc method=java.net.URI.decode(C)I @ 3 c2
Event: 460.296 Thread 0x000001d17ea5ae00 DEOPT PACKING pc=0x000001d12a9885cc sp=0x00000003f3cfe7b0
Event: 460.296 Thread 0x000001d17ea5ae00 DEOPT UNPACKING pc=0x000001d129ff3aa2 sp=0x00000003f3cfe698 mode 2
Event: 462.713 Thread 0x000001d17ea5efa0 Uncommon trap: trap_request=0xffffffde fr.pc=0x000001d12a65adc4 relative=0x00000000000001a4
Event: 462.713 Thread 0x000001d17ea5efa0 Uncommon trap: reason=class_check action=maybe_recompile pc=0x000001d12a65adc4 method=java.util.Collections.eq(Ljava/lang/Object;Ljava/lang/Object;)Z @ 18 c2
Event: 462.713 Thread 0x000001d17ea5efa0 DEOPT PACKING pc=0x000001d12a65adc4 sp=0x00000003f24fe830
Event: 462.714 Thread 0x000001d17ea5efa0 DEOPT UNPACKING pc=0x000001d129ff3aa2 sp=0x00000003f24fe770 mode 2
Event: 462.714 Thread 0x000001d17ea5efa0 Uncommon trap: trap_request=0xffffffde fr.pc=0x000001d12a65adc4 relative=0x00000000000001a4
Event: 462.714 Thread 0x000001d17ea5efa0 Uncommon trap: reason=class_check action=maybe_recompile pc=0x000001d12a65adc4 method=java.util.Collections.eq(Ljava/lang/Object;Ljava/lang/Object;)Z @ 18 c2
Event: 462.714 Thread 0x000001d17ea5efa0 DEOPT PACKING pc=0x000001d12a65adc4 sp=0x00000003f24fe990
Event: 462.715 Thread 0x000001d17ea5efa0 DEOPT UNPACKING pc=0x000001d129ff3aa2 sp=0x00000003f24fe8d0 mode 2

Classes loaded (20 events):
Event: 459.714 Loading class java/util/concurrent/CompletableFuture$UniCompletion done
Event: 459.715 Loading class java/util/concurrent/CompletableFuture$UniApply done
Event: 459.717 Loading class java/util/concurrent/CompletableFuture$UniAccept
Event: 459.718 Loading class java/util/concurrent/CompletableFuture$UniAccept done
Event: 459.718 Loading class java/util/concurrent/CompletableFuture$UniExceptionally
Event: 459.718 Loading class java/util/concurrent/CompletableFuture$UniExceptionally done
Event: 460.273 Loading class java/util/stream/ReduceOps$5
Event: 460.298 Loading class java/util/stream/ReduceOps$5 done
Event: 460.298 Loading class java/util/stream/ReduceOps$CountingSink$OfRef
Event: 460.299 Loading class java/util/stream/ReduceOps$CountingSink
Event: 460.299 Loading class java/util/stream/ReduceOps$CountingSink done
Event: 460.322 Loading class java/util/stream/ReduceOps$CountingSink$OfRef done
Event: 460.326 Loading class java/util/stream/ReduceOps$1
Event: 460.368 Loading class java/util/stream/ReduceOps$1 done
Event: 460.369 Loading class java/util/stream/ReduceOps$1ReducingSink
Event: 460.369 Loading class java/util/stream/ReduceOps$1ReducingSink done
Event: 460.456 Loading class java/nio/file/InvalidPathException
Event: 460.457 Loading class java/nio/file/InvalidPathException done
Event: 462.611 Loading class java/io/SequenceInputStream
Event: 462.612 Loading class java/io/SequenceInputStream done

Classes unloaded (11 events):
Event: 97.541 Thread 0x000001d11f72ea60 Unloading class 0x000001d1381a4000 'java/lang/invoke/LambdaForm$MH+0x000001d1381a4000'
Event: 97.541 Thread 0x000001d11f72ea60 Unloading class 0x000001d1381a3c00 'java/lang/invoke/LambdaForm$MH+0x000001d1381a3c00'
Event: 97.541 Thread 0x000001d11f72ea60 Unloading class 0x000001d1381a3800 'java/lang/invoke/LambdaForm$MH+0x000001d1381a3800'
Event: 97.541 Thread 0x000001d11f72ea60 Unloading class 0x000001d1381a3400 'java/lang/invoke/LambdaForm$MH+0x000001d1381a3400'
Event: 97.541 Thread 0x000001d11f72ea60 Unloading class 0x000001d1381a3000 'java/lang/invoke/LambdaForm$BMH+0x000001d1381a3000'
Event: 97.541 Thread 0x000001d11f72ea60 Unloading class 0x000001d1381a2c00 'java/lang/invoke/LambdaForm$DMH+0x000001d1381a2c00'
Event: 97.541 Thread 0x000001d11f72ea60 Unloading class 0x000001d1381a1800 'java/lang/invoke/LambdaForm$DMH+0x000001d1381a1800'
Event: 105.455 Thread 0x000001d11f72ea60 Unloading class 0x000001d1382ae000 'java/lang/invoke/LambdaForm$MH+0x000001d1382ae000'
Event: 105.455 Thread 0x000001d11f72ea60 Unloading class 0x000001d1382ad000 'java/lang/invoke/LambdaForm$MH+0x000001d1382ad000'
Event: 105.455 Thread 0x000001d11f72ea60 Unloading class 0x000001d1382acc00 'java/lang/invoke/LambdaForm$MH+0x000001d1382acc00'
Event: 105.455 Thread 0x000001d11f72ea60 Unloading class 0x000001d1382ac800 'java/lang/invoke/LambdaForm$DMH+0x000001d1382ac800'

Classes redefined (0 events):
No events

Internal exceptions (20 events):
Event: 458.548 Thread 0x000001d17d1cc9e0 Exception <a 'sun/nio/fs/WindowsException'{0x00000000d5ad75b8}> (0x00000000d5ad75b8) 
thrown [s\src\hotspot\share\prims\jni.cpp, line 520]
Event: 458.666 Thread 0x000001d17d1cc9e0 Exception <a 'sun/nio/fs/WindowsException'{0x00000000d5b20310}> (0x00000000d5b20310) 
thrown [s\src\hotspot\share\prims\jni.cpp, line 520]
Event: 458.750 Thread 0x000001d17eb53ba0 Implicit null exception at 0x000001d12aa52cec to 0x000001d12aa52dd8
Event: 458.880 Thread 0x000001d17eb53ba0 Implicit null exception at 0x000001d12a952c80 to 0x000001d12a953084
Event: 458.880 Thread 0x000001d17eb53ba0 Exception <a 'sun/nio/fs/WindowsException'{0x00000000d5c799e0}> (0x00000000d5c799e0) 
thrown [s\src\hotspot\share\prims\jni.cpp, line 520]
Event: 458.880 Thread 0x000001d17eb53ba0 Exception <a 'sun/nio/fs/WindowsException'{0x00000000d5c79eb0}> (0x00000000d5c79eb0) 
thrown [s\src\hotspot\share\prims\jni.cpp, line 520]
Event: 458.886 Thread 0x000001d17eb53ba0 Exception <a 'sun/nio/fs/WindowsException'{0x00000000d5cceaa8}> (0x00000000d5cceaa8) 
thrown [s\src\hotspot\share\prims\jni.cpp, line 520]
Event: 458.886 Thread 0x000001d17eb53ba0 Exception <a 'sun/nio/fs/WindowsException'{0x00000000d5ccef78}> (0x00000000d5ccef78) 
thrown [s\src\hotspot\share\prims\jni.cpp, line 520]
Event: 458.893 Thread 0x000001d17eb53ba0 Exception <a 'sun/nio/fs/WindowsException'{0x00000000d5cd9cf0}> (0x00000000d5cd9cf0) 
thrown [s\src\hotspot\share\prims\jni.cpp, line 520]
Event: 458.894 Thread 0x000001d17eb53ba0 Exception <a 'sun/nio/fs/WindowsException'{0x00000000d5cda200}> (0x00000000d5cda200) 
thrown [s\src\hotspot\share\prims\jni.cpp, line 520]
Event: 458.895 Thread 0x000001d17eb53ba0 Exception <a 'sun/nio/fs/WindowsException'{0x00000000d5cdab78}> (0x00000000d5cdab78) 
thrown [s\src\hotspot\share\prims\jni.cpp, line 520]
Event: 458.895 Thread 0x000001d17eb53ba0 Exception <a 'sun/nio/fs/WindowsException'{0x00000000d5cdb088}> (0x00000000d5cdb088) 
thrown [s\src\hotspot\share\prims\jni.cpp, line 520]
Event: 459.114 Thread 0x000001d17ea5c1b0 Implicit null exception at 0x000001d12aa34417 to 0x000001d12aa34d0c
Event: 459.213 Thread 0x000001d17ea5c1b0 Exception <a 'java/lang/NoSuchMethodError'{0x00000000d5fa94f0}: 'java.lang.Object java.lang.invoke.DirectMethodHandle$Holder.newInvokeSpecial(java.lang.Object, java.lang.Object, java.lang.Object, java.lang.Object, java.lang.Object, java.lang.Object, java.lang.Object, java.lang.Object)'> (0x00000000d5fa94f0) 
thrown [s\src\hotspot\share\interpreter\linkResolver.cpp, line 773]
Event: 459.251 Thread 0x000001d17ea5c1b0 Exception <a 'sun/nio/fs/WindowsException'{0x00000000d6009418}> (0x00000000d6009418) 
thrown [s\src\hotspot\share\prims\jni.cpp, line 520]
Event: 459.258 Thread 0x000001d17ea5c1b0 Exception <a 'sun/nio/fs/WindowsException'{0x00000000d600e910}> (0x00000000d600e910) 
thrown [s\src\hotspot\share\prims\jni.cpp, line 520]
Event: 459.682 Thread 0x000001d17eb53ba0 Exception <a 'java/lang/IncompatibleClassChangeError'{0x00000000d62cf600}: Found class java.lang.Object, but interface was expected> (0x00000000d62cf600) 
thrown [s\src\hotspot\share\interpreter\linkResolver.cpp, line 840]
Event: 460.608 Thread 0x000001d17ea5efa0 Exception <a 'java/lang/NoSuchMethodError'{0x00000000d67cd7d8}: 'java.lang.Object java.lang.invoke.DirectMethodHandle$Holder.invokeStatic(java.lang.Object, java.lang.Object, int, java.lang.Object)'> (0x00000000d67cd7d8) 
thrown [s\src\hotspot\share\interpreter\linkResolver.cpp, line 773]
Event: 462.747 Thread 0x000001d17ea5efa0 Exception <a 'java/io/FileNotFoundException'{0x00000000d6a78970}> (0x00000000d6a78970) 
thrown [s\src\hotspot\share\prims\jni.cpp, line 520]
Event: 462.748 Thread 0x000001d17ea5efa0 Exception <a 'java/io/FileNotFoundException'{0x00000000d6a796c8}> (0x00000000d6a796c8) 
thrown [s\src\hotspot\share\prims\jni.cpp, line 520]

ZGC Phase Switch (0 events):
No events

VM Operations (20 events):
Event: 1623.061 Executing VM operation: HandshakeAllThreads (HandshakeForDeflation)
Event: 1623.061 Executing VM operation: HandshakeAllThreads (HandshakeForDeflation) done
Event: 1623.061 Executing VM operation: RendezvousGCThreads
Event: 1623.061 Executing VM operation: RendezvousGCThreads done
Event: 1683.305 Executing VM operation: HandshakeAllThreads (HandshakeForDeflation)
Event: 1683.305 Executing VM operation: HandshakeAllThreads (HandshakeForDeflation) done
Event: 1683.305 Executing VM operation: RendezvousGCThreads
Event: 1683.305 Executing VM operation: RendezvousGCThreads done
Event: 1923.879 Executing VM operation: HandshakeAllThreads (HandshakeForDeflation)
Event: 1923.880 Executing VM operation: HandshakeAllThreads (HandshakeForDeflation) done
Event: 1923.880 Executing VM operation: RendezvousGCThreads
Event: 1923.880 Executing VM operation: RendezvousGCThreads done
Event: 1984.039 Executing VM operation: HandshakeAllThreads (HandshakeForDeflation)
Event: 1984.040 Executing VM operation: HandshakeAllThreads (HandshakeForDeflation) done
Event: 1984.040 Executing VM operation: RendezvousGCThreads
Event: 1984.040 Executing VM operation: RendezvousGCThreads done
Event: 2044.198 Executing VM operation: HandshakeAllThreads (HandshakeForDeflation)
Event: 2044.199 Executing VM operation: HandshakeAllThreads (HandshakeForDeflation) done
Event: 2044.199 Executing VM operation: RendezvousGCThreads
Event: 2044.199 Executing VM operation: RendezvousGCThreads done

Memory protections (0 events):
No events

Nmethod flushes (20 events):
Event: 381.112 Thread 0x000001d11f72ea60 flushing  nmethod 0x000001d1233a2990
Event: 381.112 Thread 0x000001d11f72ea60 flushing  nmethod 0x000001d1233a5d90
Event: 381.112 Thread 0x000001d11f72ea60 flushing  nmethod 0x000001d1233aa090
Event: 381.112 Thread 0x000001d11f72ea60 flushing  nmethod 0x000001d1233ab310
Event: 381.112 Thread 0x000001d11f72ea60 flushing  nmethod 0x000001d1233ab690
Event: 381.112 Thread 0x000001d11f72ea60 flushing  nmethod 0x000001d1233aba90
Event: 381.112 Thread 0x000001d11f72ea60 flushing  nmethod 0x000001d1233b0810
Event: 381.112 Thread 0x000001d11f72ea60 flushing  nmethod 0x000001d1233bc390
Event: 381.112 Thread 0x000001d11f72ea60 flushing  nmethod 0x000001d1233c1d90
Event: 381.112 Thread 0x000001d11f72ea60 flushing  nmethod 0x000001d1233c8090
Event: 381.112 Thread 0x000001d11f72ea60 flushing  nmethod 0x000001d1233f1c90
Event: 381.112 Thread 0x000001d11f72ea60 flushing  nmethod 0x000001d1233f5490
Event: 381.112 Thread 0x000001d11f72ea60 flushing  nmethod 0x000001d12341f790
Event: 381.112 Thread 0x000001d11f72ea60 flushing  nmethod 0x000001d123449790
Event: 381.112 Thread 0x000001d11f72ea60 flushing  nmethod 0x000001d12344b790
Event: 381.112 Thread 0x000001d11f72ea60 flushing  nmethod 0x000001d12344c010
Event: 381.112 Thread 0x000001d11f72ea60 flushing  nmethod 0x000001d12344c610
Event: 381.112 Thread 0x000001d11f72ea60 flushing  nmethod 0x000001d12345a610
Event: 381.112 Thread 0x000001d11f72ea60 flushing  nmethod 0x000001d12347c090
Event: 381.112 Thread 0x000001d11f72ea60 flushing  nmethod 0x000001d123493f90

Events (20 events):
Event: 454.442 Thread 0x000001d17ea5f630 Thread exited: 0x000001d17ea5f630
Event: 454.631 Thread 0x000001d17ea5bb20 Thread exited: 0x000001d17ea5bb20
Event: 454.631 Thread 0x000001d17ea5d560 Thread exited: 0x000001d17ea5d560
Event: 458.869 Thread 0x000001d17ea5c1b0 Thread added: 0x000001d17ea593c0
Event: 458.912 Thread 0x000001d17ea593c0 Thread exited: 0x000001d17ea593c0
Event: 459.116 Thread 0x000001d17ea5c1b0 Thread added: 0x000001d17ea5d560
Event: 459.119 Thread 0x000001d17ea5d560 Thread exited: 0x000001d17ea5d560
Event: 459.717 Thread 0x000001d17eb53ba0 Thread added: 0x000001d17ea593c0
Event: 459.790 Thread 0x000001d17ea593c0 Thread added: 0x000001d17ea5bb20
Event: 459.794 Thread 0x000001d17ea5bb20 Thread added: 0x000001d17ea5ae00
Event: 520.159 Thread 0x000001d17d1cbcc0 Thread exited: 0x000001d17d1cbcc0
Event: 520.464 Thread 0x000001d17ea5bb20 Thread exited: 0x000001d17ea5bb20
Event: 520.800 Thread 0x000001d17ea5c1b0 Thread exited: 0x000001d17ea5c1b0
Event: 520.801 Thread 0x000001d17d1cc9e0 Thread exited: 0x000001d17d1cc9e0
Event: 580.494 Thread 0x000001d17ea5ae00 Thread exited: 0x000001d17ea5ae00
Event: 640.489 Thread 0x000001d17ea593c0 Thread exited: 0x000001d17ea593c0
Event: 760.630 Thread 0x000001d17ea5efa0 Thread added: 0x000001d17ea593c0
Event: 760.735 Thread 0x000001d17ea593c0 Thread exited: 0x000001d17ea593c0
Event: 761.009 Thread 0x000001d17ea5efa0 Thread added: 0x000001d17ea5ae00
Event: 761.015 Thread 0x000001d17ea5ae00 Thread exited: 0x000001d17ea5ae00


Dynamic libraries:
0x00007ff7c5f10000 - 0x00007ff7c5f1e000 	c:\Users\POS\.vscode\extensions\redhat.java-1.52.0-win32-x64\jre\21.0.9-win32-x86_64\bin\java.exe
0x00007ff901830000 - 0x00007ff901a28000 	C:\Windows\SYSTEM32\ntdll.dll
0x00007ff901640000 - 0x00007ff901702000 	C:\Windows\System32\KERNEL32.DLL
0x00007ff8fefc0000 - 0x00007ff8ff2b6000 	C:\Windows\System32\KERNELBASE.dll
0x00007ff8feec0000 - 0x00007ff8fefc0000 	C:\Windows\System32\ucrtbase.dll
0x00007ff8ea7c0000 - 0x00007ff8ea7d8000 	c:\Users\POS\.vscode\extensions\redhat.java-1.52.0-win32-x64\jre\21.0.9-win32-x86_64\bin\jli.dll
0x00007ff900420000 - 0x00007ff9005c1000 	C:\Windows\System32\USER32.dll
0x00007ff8ff600000 - 0x00007ff8ff622000 	C:\Windows\System32\win32u.dll
0x00007ff9017c0000 - 0x00007ff9017eb000 	C:\Windows\System32\GDI32.dll
0x00007ff8ff6b0000 - 0x00007ff8ff7c9000 	C:\Windows\System32\gdi32full.dll
0x00007ff8ff4d0000 - 0x00007ff8ff56d000 	C:\Windows\System32\msvcp_win.dll
0x00007ff8f94f0000 - 0x00007ff8f950e000 	c:\Users\POS\.vscode\extensions\redhat.java-1.52.0-win32-x64\jre\21.0.9-win32-x86_64\bin\VCRUNTIME140.dll
0x00007ff8ee5a0000 - 0x00007ff8ee83b000 	C:\Windows\WinSxS\amd64_microsoft.windows.common-controls_6595b64144ccf1df_6.0.19041.6456_none_60b8a6cb71f64256\COMCTL32.dll
0x00007ff901540000 - 0x00007ff9015de000 	C:\Windows\System32\msvcrt.dll
0x00007ff900ea0000 - 0x00007ff900ecf000 	C:\Windows\System32\IMM32.DLL
0x00007ff8f9280000 - 0x00007ff8f928c000 	c:\Users\POS\.vscode\extensions\redhat.java-1.52.0-win32-x64\jre\21.0.9-win32-x86_64\bin\vcruntime140_1.dll
0x00007ff8e3f90000 - 0x00007ff8e401d000 	c:\Users\POS\.vscode\extensions\redhat.java-1.52.0-win32-x64\jre\21.0.9-win32-x86_64\bin\msvcp140.dll
0x00007ff8c8110000 - 0x00007ff8c8eb0000 	c:\Users\POS\.vscode\extensions\redhat.java-1.52.0-win32-x64\jre\21.0.9-win32-x86_64\bin\server\jvm.dll
0x00007ff8ffbb0000 - 0x00007ff8ffc61000 	C:\Windows\System32\ADVAPI32.dll
0x00007ff901420000 - 0x00007ff9014bf000 	C:\Windows\System32\sechost.dll
0x00007ff8ffce0000 - 0x00007ff8ffe00000 	C:\Windows\System32\RPCRT4.dll
0x00007ff8ff630000 - 0x00007ff8ff657000 	C:\Windows\System32\bcrypt.dll
0x00007ff9011c0000 - 0x00007ff90122b000 	C:\Windows\System32\WS2_32.dll
0x00007ff8fec00000 - 0x00007ff8fec4b000 	C:\Windows\SYSTEM32\POWRPROF.dll
0x00007ff8ed2c0000 - 0x00007ff8ed2e7000 	C:\Windows\SYSTEM32\WINMM.dll
0x00007ff8f13c0000 - 0x00007ff8f13ca000 	C:\Windows\SYSTEM32\VERSION.dll
0x00007ff8febe0000 - 0x00007ff8febf2000 	C:\Windows\SYSTEM32\UMPDC.dll
0x00007ff8fcd30000 - 0x00007ff8fcd42000 	C:\Windows\SYSTEM32\kernel.appcore.dll
0x00007ff8f81f0000 - 0x00007ff8f81fa000 	c:\Users\POS\.vscode\extensions\redhat.java-1.52.0-win32-x64\jre\21.0.9-win32-x86_64\bin\jimage.dll
0x00007ff8ec3e0000 - 0x00007ff8ec5e1000 	C:\Windows\SYSTEM32\DBGHELP.DLL
0x00007ff8e8b70000 - 0x00007ff8e8ba4000 	C:\Windows\SYSTEM32\dbgcore.DLL
0x00007ff8ff570000 - 0x00007ff8ff5f2000 	C:\Windows\System32\bcryptPrimitives.dll
0x00007ff8ee350000 - 0x00007ff8ee35f000 	c:\Users\POS\.vscode\extensions\redhat.java-1.52.0-win32-x64\jre\21.0.9-win32-x86_64\bin\instrument.dll
0x00007ff8e9790000 - 0x00007ff8e97b0000 	c:\Users\POS\.vscode\extensions\redhat.java-1.52.0-win32-x64\jre\21.0.9-win32-x86_64\bin\java.dll
0x00007ff900730000 - 0x00007ff900ea0000 	C:\Windows\System32\SHELL32.dll
0x00007ff8fcf30000 - 0x00007ff8fd6d5000 	C:\Windows\SYSTEM32\windows.storage.dll
0x00007ff8ff850000 - 0x00007ff8ffba4000 	C:\Windows\System32\combase.dll
0x00007ff8fe810000 - 0x00007ff8fe83b000 	C:\Windows\SYSTEM32\Wldp.dll
0x00007ff901350000 - 0x00007ff90141d000 	C:\Windows\System32\OLEAUT32.dll
0x00007ff901710000 - 0x00007ff9017bd000 	C:\Windows\System32\SHCORE.dll
0x00007ff8ffc70000 - 0x00007ff8ffccb000 	C:\Windows\System32\shlwapi.dll
0x00007ff8fedf0000 - 0x00007ff8fee14000 	C:\Windows\SYSTEM32\profapi.dll
0x00007ff8e8b10000 - 0x00007ff8e8b28000 	c:\Users\POS\.vscode\extensions\redhat.java-1.52.0-win32-x64\jre\21.0.9-win32-x86_64\bin\zip.dll
0x00007ff8edaf0000 - 0x00007ff8edb00000 	C:\Users\POS\.vscode\extensions\redhat.java-1.52.0-win32-x64\jre\21.0.9-win32-x86_64\bin\net.dll
0x00007ff8f8060000 - 0x00007ff8f816a000 	C:\Windows\SYSTEM32\WINHTTP.dll
0x00007ff8fe570000 - 0x00007ff8fe5da000 	C:\Windows\system32\mswsock.dll
0x00007ff8e3f70000 - 0x00007ff8e3f86000 	C:\Users\POS\.vscode\extensions\redhat.java-1.52.0-win32-x64\jre\21.0.9-win32-x86_64\bin\nio.dll
0x00007ff8fa620000 - 0x00007ff8fa630000 	c:\Users\POS\.vscode\extensions\redhat.java-1.52.0-win32-x64\jre\21.0.9-win32-x86_64\bin\verify.dll
0x00007ff8e95d0000 - 0x00007ff8e9615000 	C:\Users\POS\AppData\Roaming\Code\User\globalStorage\redhat.java\1.52.0\config_win\org.eclipse.equinox.launcher\org.eclipse.equinox.launcher.win32.win32.x86_64_1.2.1500.v20260121-1430\eclipse_11919.dll
0x00007ff8ffe00000 - 0x00007ff8fff2b000 	C:\Windows\System32\ole32.dll
0x00007ff8f92c0000 - 0x00007ff8f92ca000 	C:\Users\POS\.vscode\extensions\redhat.java-1.52.0-win32-x64\jre\21.0.9-win32-x86_64\bin\management.dll
0x00007ff8f88e0000 - 0x00007ff8f88ec000 	C:\Users\POS\.vscode\extensions\redhat.java-1.52.0-win32-x64\jre\21.0.9-win32-x86_64\bin\management_ext.dll
0x00007ff8fff30000 - 0x00007ff8fff38000 	C:\Windows\System32\PSAPI.DLL
0x00007ff8fe760000 - 0x00007ff8fe778000 	C:\Windows\SYSTEM32\CRYPTSP.dll
0x00007ff8fde90000 - 0x00007ff8fdec8000 	C:\Windows\system32\rsaenh.dll
0x00007ff8fedb0000 - 0x00007ff8fedde000 	C:\Windows\SYSTEM32\USERENV.dll
0x00007ff8fe780000 - 0x00007ff8fe78c000 	C:\Windows\SYSTEM32\CRYPTBASE.dll
0x00007ff8fe250000 - 0x00007ff8fe28b000 	C:\Windows\SYSTEM32\IPHLPAPI.DLL
0x00007ff8fff40000 - 0x00007ff8fff48000 	C:\Windows\System32\NSI.dll
0x00007ff8e20d0000 - 0x00007ff8e2119000 	C:\Users\POS\AppData\Local\Temp\jna-79412\jna1821204762874311779.dll
0x00007ff8f5db0000 - 0x00007ff8f5dc7000 	C:\Windows\SYSTEM32\dhcpcsvc6.DLL
0x00007ff8f7260000 - 0x00007ff8f727d000 	C:\Windows\SYSTEM32\dhcpcsvc.DLL
0x00007ff8f8170000 - 0x00007ff8f817e000 	C:\Users\POS\.vscode\extensions\redhat.java-1.52.0-win32-x64\jre\21.0.9-win32-x86_64\bin\sunmscapi.dll
0x00007ff8ff2c0000 - 0x00007ff8ff41d000 	C:\Windows\System32\CRYPT32.dll
0x00007ff8fe880000 - 0x00007ff8fe8a7000 	C:\Windows\SYSTEM32\ncrypt.dll
0x00007ff8fe840000 - 0x00007ff8fe87b000 	C:\Windows\SYSTEM32\NTASN1.dll
0x00007ff8fe290000 - 0x00007ff8fe35a000 	C:\Windows\SYSTEM32\DNSAPI.dll
0x00007ff8eda70000 - 0x00007ff8eda7a000 	C:\Windows\System32\rasadhlp.dll
0x00007ff8ef680000 - 0x00007ff8ef700000 	C:\Windows\System32\fwpuclnt.dll
0x00007ff8ee450000 - 0x00007ff8ee459000 	C:\Users\POS\.vscode\extensions\redhat.java-1.52.0-win32-x64\jre\21.0.9-win32-x86_64\bin\extnet.dll
0x00007ff8e9890000 - 0x00007ff8e98b7000 	C:\Users\POS\.gradle\native\c067742578af261105cb4f569cf0c3c89f3d7b1fecec35dd04571415982c5e48\windows-amd64\native-platform.dll
0x00007ff8fb480000 - 0x00007ff8fb514000 	C:\Windows\system32\apphelp.dll
0x00007ff8d2e00000 - 0x00007ff8d2e07000 	C:\Windows\system32\wshunix.dll

JVMTI agents:
c:\Users\POS\.vscode\extensions\redhat.java-1.52.0-win32-x64\lombok\lombok-1.18.39-4050.jar path:c:\Users\POS\.vscode\extensions\redhat.java-1.52.0-win32-x64\jre\21.0.9-win32-x86_64\bin\instrument.dll, loaded, initialized, instrumentlib options:none

dbghelp: loaded successfully - version: 4.0.5 - missing functions: none
symbol engine: initialized successfully - sym options: 0x614 - pdb path: .;c:\Users\POS\.vscode\extensions\redhat.java-1.52.0-win32-x64\jre\21.0.9-win32-x86_64\bin;C:\Windows\SYSTEM32;C:\Windows\WinSxS\amd64_microsoft.windows.common-controls_6595b64144ccf1df_6.0.19041.6456_none_60b8a6cb71f64256;c:\Users\POS\.vscode\extensions\redhat.java-1.52.0-win32-x64\jre\21.0.9-win32-x86_64\bin\server;C:\Users\POS\AppData\Roaming\Code\User\globalStorage\redhat.java\1.52.0\config_win\org.eclipse.equinox.launcher\org.eclipse.equinox.launcher.win32.win32.x86_64_1.2.1500.v20260121-1430;C:\Users\POS\AppData\Local\Temp\jna-79412;C:\Users\POS\.gradle\native\c067742578af261105cb4f569cf0c3c89f3d7b1fecec35dd04571415982c5e48\windows-amd64

VM Arguments:
jvm_args: --add-modules=ALL-SYSTEM --add-opens=java.base/java.util=ALL-UNNAMED --add-opens=java.base/java.lang=ALL-UNNAMED --add-opens=java.base/sun.nio.fs=ALL-UNNAMED -Declipse.application=org.eclipse.jdt.ls.core.id1 -Dosgi.bundles.defaultStartLevel=4 -Declipse.product=org.eclipse.jdt.ls.core.product -Djava.import.generatesMetadataFilesAtProjectRoot=false -DDetectVMInstallationsJob.disabled=true -Dfile.encoding=utf8 -XX:+UseParallelGC -XX:GCTimeRatio=4 -XX:AdaptiveSizePolicyWeight=90 -Dsun.zip.disableMemoryMapping=true -Xmx2G -Xms100m -Xlog:disable -javaagent:c:\Users\POS\.vscode\extensions\redhat.java-1.52.0-win32-x64\lombok\lombok-1.18.39-4050.jar -XX:+HeapDumpOnOutOfMemoryError -XX:HeapDumpPath=c:\Users\POS\AppData\Roaming\Code\User\workspaceStorage\3f08d4468f9520cad0527d64b7ab105f\redhat.java -Daether.dependencyCollector.impl=bf 
java_command: c:\Users\POS\.vscode\extensions\redhat.java-1.52.0-win32-x64\server\plugins\org.eclipse.equinox.launcher_1.7.100.v20251111-0406.jar -configuration c:\Users\POS\AppData\Roaming\Code\User\globalStorage\redhat.java\1.52.0\config_win -data c:\Users\POS\AppData\Roaming\Code\User\workspaceStorage\3f08d4468f9520cad0527d64b7ab105f\redhat.java\jdt_ws --pipe=\\.\pipe\lsp-315747aea9dcaa484d2982eb91e9ed6f-sock
java_class_path (initial): c:\Users\POS\.vscode\extensions\redhat.java-1.52.0-win32-x64\server\plugins\org.eclipse.equinox.launcher_1.7.100.v20251111-0406.jar
Launcher Type: SUN_STANDARD

[Global flags]
    uintx AdaptiveSizePolicyWeight                 = 90                                        {product} {command line}
     intx CICompilerCount                          = 3                                         {product} {ergonomic}
    uintx GCTimeRatio                              = 4                                         {product} {command line}
     bool HeapDumpOnOutOfMemoryError               = true                                   {manageable} {command line}
    ccstr HeapDumpPath                             = c:\Users\POS\AppData\Roaming\Code\User\workspaceStorage\3f08d4468f9520cad0527d64b7ab105f\redhat.java         {manageable} {command line}
   size_t InitialHeapSize                          = 104857600                                 {product} {command line}
   size_t MaxHeapSize                              = 2147483648                                {product} {command line}
   size_t MaxNewSize                               = 715653120                                 {product} {ergonomic}
   size_t MinHeapDeltaBytes                        = 524288                                    {product} {ergonomic}
   size_t MinHeapSize                              = 104857600                                 {product} {command line}
   size_t NewSize                                  = 34603008                                  {product} {ergonomic}
    uintx NonNMethodCodeHeapSize                   = 5832780                                {pd product} {ergonomic}
    uintx NonProfiledCodeHeapSize                  = 122912730                              {pd product} {ergonomic}
   size_t OldSize                                  = 70254592                                  {product} {ergonomic}
    uintx ProfiledCodeHeapSize                     = 122912730                              {pd product} {ergonomic}
    uintx ReservedCodeCacheSize                    = 251658240                              {pd product} {ergonomic}
     bool SegmentedCodeCache                       = true                                      {product} {ergonomic}
   size_t SoftMaxHeapSize                          = 2147483648                             {manageable} {ergonomic}
     bool UseCompressedOops                        = true                           {product lp64_product} {ergonomic}
     bool UseLargePagesIndividualAllocation        = false                                  {pd product} {ergonomic}
     bool UseParallelGC                            = true                                      {product} {command line}

Logging:
Log output configuration:
 #0: stdout all=off uptime,level,tags foldmultilines=false
 #1: stderr all=off uptime,level,tags foldmultilines=false

Release file:
JAVA_VERSION="21.0.9" 
MODULES="java.base java.compiler java.datatransfer java.xml java.prefs java.desktop java.instrument java.logging java.management java.security.sasl java.naming java.rmi java.management.rmi java.net.http java.scripting java.security.jgss java.transaction.xa java.sql java.sql.rowset java.xml.crypto java.se java.smartcardio jdk.accessibility jdk.internal.jvmstat jdk.attach jdk.charsets jdk.internal.opt jdk.zipfs jdk.compiler jdk.crypto.ec jdk.crypto.cryptoki jdk.crypto.mscapi jdk.dynalink jdk.internal.ed jdk.editpad jdk.hotspot.agent jdk.httpserver jdk.internal.le jdk.internal.vm.ci jdk.internal.vm.compiler jdk.internal.vm.compiler.management jdk.jartool jdk.javadoc jdk.jcmd jdk.management jdk.management.agent jdk.jconsole jdk.jdeps jdk.jdwp.agent jdk.jdi jdk.jfr jdk.jshell jdk.jsobject jdk.jstatd jdk.localedata jdk.management.jfr jdk.naming.dns jdk.naming.rmi jdk.net jdk.nio.mapmode jdk.random jdk.sctp jdk.security.auth jdk.security.jgss jdk.unsupported jdk.unsupported.desktop jdk.xml.dom" 

Environment Variables:
JAVA_HOME=D:\java17
PATH=C:\Program Files\Common Files\Oracle\Java\javapath;C:\Python313\Scripts\;C:\Python313\;C:\Windows\system32;C:\Windows;C:\Windows\System32\Wbem;C:\Windows\System32\WindowsPowerShell\v1.0\;C:\Windows\System32\OpenSSH\;C:\Program Files\Git\cmd;D:\apache-maven-3.9.9\bin;D:\java17;D:\node\;C:\ProgramData\chocolatey\bin;D:\opencv\4.10.0\opencv\build\java\x64;D:\ffmpeg-7.1.1-essentials_build\bin;D:\gradle-8.12.1\bin;D:\axis2-1.7.9-bin\axis2-2.0.0;D:\gradle-8.12.1\bin;C:\Program Files (x86)\PuTTY\;C:\Python313\Scripts\;C:\Python313\;C:\Windows\system32;C:\Windows;C:\Windows\System32\Wbem;C:\Windows\System32\WindowsPowerShell\v1.0\;C:\Windows\System32\OpenSSH\;C:\Program Files\Git\cmd;D:\apache-maven-3.9.9\bin;D:\java8;D:\node\;C:\ProgramData\chocolatey\bin;D:\opencv\4.10.0\opencv\build\java\x64;C:\Users\POS\AppData\Local\Microsoft\WindowsApps;C:\Users\POS\AppData\Local\Microsoft\WinGet\Packages\Schniz.fnm_Microsoft.Winget.Source_8wekyb3d8bbwe;C:\Users\POS\AppData\Roaming\npm;D:\IntelliJ IDEA 2024.3.4.1\bin;C:\Users\POS\AppData\Local\Programs\Microsoft VS Code\bin;D:\java8\bin;C:\Users\POS\.deno\bin;D:\xampp\php;
USERNAME=POS
OS=Windows_NT
PROCESSOR_IDENTIFIER=Intel64 Family 6 Model 69 Stepping 1, GenuineIntel
TMP=C:\Users\POS\AppData\Local\Temp
TEMP=C:\Users\POS\AppData\Local\Temp




Periodic native trim disabled

---------------  S Y S T E M  ---------------

OS:
 Windows 10 , 64 bit Build 19041 (10.0.19041.5915)
OS uptime: 0 days 18:04 hours

CPU: total 4 (initial active 4) (2 cores per cpu, 2 threads per core) family 6 model 69 stepping 1 microcode 0x25, cx8, cmov, fxsr, ht, mmx, sse, sse2, sse3, ssse3, sse4.1, sse4.2, popcnt, lzcnt, tsc, tscinvbit, avx, avx2, aes, erms, clmul, bmi1, bmi2, fma, vzeroupper, clflush, rdtscp, f16c
Processor Information for the first 4 processors :
  Max Mhz: 1900, Current Mhz: 1900, Mhz Limit: 1900

Memory: 4k page, system-wide physical 4017M (62M free)
TotalPageFile size 8942M (AvailPageFile size 1M)
current process WorkingSet (physical memory assigned to process): 22M, peak: 233M
current process commit charge ("private bytes"): 357M, peak: 378M

vm_info: OpenJDK 64-Bit Server VM (21.0.9+10-LTS) for windows-amd64 JRE (21.0.9+10-LTS), built on 2025-10-21T00:00:00Z by "admin" with unknown MS VC++:1942

END.
