#
# There is insufficient memory for the Java Runtime Environment to continue.
# Native memory allocation (malloc) failed to allocate 510944 bytes. Error detail: Chunk::new
# Possible reasons:
#   The system is out of physical RAM or swap space
#   This process is running with CompressedOops enabled, and the Java Heap may be blocking the growth of the native heap
# Possible solutions:
#   Reduce memory load on the system
#   Increase physical memory or swap space
#   Check if swap backing store is full
#   Decrease Java heap size (-Xmx/-Xms)
#   Decrease number of Java threads
#   Decrease Java thread stack sizes (-Xss)
#   Set larger code cache with -XX:ReservedCodeCacheSize=
#   JVM is running with Unscaled Compressed Oops mode in which the Java heap is
#     placed in the first 4GB address space. The Java Heap base address is the
#     maximum limit for the native heap growth. Please use -XX:HeapBaseMinAddress
#     to set the Java Heap base and to place the Java Heap above 4GB virtual address.
# This output file may be truncated or incomplete.
#
#  Out of Memory Error (arena.cpp:168), pid=4400, tid=404
#
# JRE version: OpenJDK Runtime Environment Temurin-21.0.9+10 (21.0.9+10) (build 21.0.9+10-LTS)
# Java VM: OpenJDK 64-Bit Server VM Temurin-21.0.9+10 (21.0.9+10-LTS, mixed mode, sharing, tiered, compressed oops, compressed class ptrs, parallel gc, windows-amd64)
# No core dump will be written. Minidumps are not enabled by default on client versions of Windows
#

---------------  S U M M A R Y ------------

Command Line: --add-modules=ALL-SYSTEM --add-opens=java.base/java.util=ALL-UNNAMED --add-opens=java.base/java.lang=ALL-UNNAMED --add-opens=java.base/sun.nio.fs=ALL-UNNAMED -Declipse.application=org.eclipse.jdt.ls.core.id1 -Dosgi.bundles.defaultStartLevel=4 -Declipse.product=org.eclipse.jdt.ls.core.product -Djava.import.generatesMetadataFilesAtProjectRoot=false -DDetectVMInstallationsJob.disabled=true -Dfile.encoding=utf8 -XX:+UseParallelGC -XX:GCTimeRatio=4 -XX:AdaptiveSizePolicyWeight=90 -Dsun.zip.disableMemoryMapping=true -Xmx2G -Xms100m -Xlog:disable -javaagent:c:\Users\POS\.vscode\extensions\redhat.java-1.52.0-win32-x64\lombok\lombok-1.18.39-4050.jar c:\Users\POS\.vscode\extensions\redhat.java-1.52.0-win32-x64\server\plugins\org.eclipse.equinox.launcher_1.7.100.v20251111-0406.jar -configuration c:\Users\POS\AppData\Roaming\Code\User\globalStorage\redhat.java\1.52.0\config_ss_win -data c:\Users\POS\AppData\Roaming\Code\User\workspaceStorage\3f08d4468f9520cad0527d64b7ab105f\redhat.java\ss_ws --pipe=\\.\pipe\lsp-4cfe2dc8411842acbbbb1e290c1febe2-sock

Host: Intel(R) Core(TM) i3-4025U CPU @ 1.90GHz, 4 cores, 3G,  Windows 10 , 64 bit Build 19041 (10.0.19041.5915)
Time: Sat Feb  7 03:37:58 2026 Pacific Standard Time elapsed time: 4.028546 seconds (0d 0h 0m 4s)

---------------  T H R E A D  ---------------

Current thread (0x0000027a7e429380):  JavaThread "C2 CompilerThread0" daemon [_thread_in_native, id=404, stack(0x000000e86bf00000,0x000000e86c000000) (1024K)]


Current CompileTask:
C2:4028  981   !   4       java.util.jar.Attributes::read (494 bytes)

Stack: [0x000000e86bf00000,0x000000e86c000000]
Native frames: (J=compiled Java code, j=interpreted, Vv=VM code, C=native code)
V  [jvm.dll+0x6d6e29]
V  [jvm.dll+0x8b4b76]
V  [jvm.dll+0x8b712e]
V  [jvm.dll+0x8b7813]
V  [jvm.dll+0x283d86]
V  [jvm.dll+0xc66ed]
V  [jvm.dll+0xc6c31]
V  [jvm.dll+0x3be53b]
V  [jvm.dll+0x1e3b52]
V  [jvm.dll+0x24c0f3]
V  [jvm.dll+0x24b580]
V  [jvm.dll+0x1cb13e]
V  [jvm.dll+0x25b29d]
V  [jvm.dll+0x25982a]
V  [jvm.dll+0x3f7ea6]
V  [jvm.dll+0x85e9ad]
V  [jvm.dll+0x6d565d]
C  [ucrtbase.dll+0x21bb2]
C  [KERNEL32.DLL+0x17374]
C  [ntdll.dll+0x4cc91]


---------------  P R O C E S S  ---------------

Threads class SMR info:
_java_thread_list=0x0000027a7f321390, length=11, elements={
0x0000027a7aa32370, 0x0000027a7e41c080, 0x0000027a7e41f5d0, 0x0000027a7e4238c0,
0x0000027a7e424510, 0x0000027a7e427070, 0x0000027a7e427ac0, 0x0000027a7e429380,
0x0000027a7e45b0b0, 0x0000027a7f221830, 0x0000027a7f31ffe0
}

Java Threads: ( => current thread )
  0x0000027a7aa32370 JavaThread "main"                              [_thread_in_Java, id=8204, stack(0x000000e86b500000,0x000000e86b600000) (1024K)]
  0x0000027a7e41c080 JavaThread "Reference Handler"          daemon [_thread_blocked, id=11260, stack(0x000000e86b900000,0x000000e86ba00000) (1024K)]
  0x0000027a7e41f5d0 JavaThread "Finalizer"                  daemon [_thread_blocked, id=4352, stack(0x000000e86ba00000,0x000000e86bb00000) (1024K)]
  0x0000027a7e4238c0 JavaThread "Signal Dispatcher"          daemon [_thread_blocked, id=11272, stack(0x000000e86bb00000,0x000000e86bc00000) (1024K)]
  0x0000027a7e424510 JavaThread "Attach Listener"            daemon [_thread_blocked, id=7680, stack(0x000000e86bc00000,0x000000e86bd00000) (1024K)]
  0x0000027a7e427070 JavaThread "Service Thread"             daemon [_thread_blocked, id=3264, stack(0x000000e86bd00000,0x000000e86be00000) (1024K)]
  0x0000027a7e427ac0 JavaThread "Monitor Deflation Thread"   daemon [_thread_blocked, id=4544, stack(0x000000e86be00000,0x000000e86bf00000) (1024K)]
=>0x0000027a7e429380 JavaThread "C2 CompilerThread0"         daemon [_thread_in_native, id=404, stack(0x000000e86bf00000,0x000000e86c000000) (1024K)]
  0x0000027a7e45b0b0 JavaThread "C1 CompilerThread0"         daemon [_thread_in_native, id=3532, stack(0x000000e86c000000,0x000000e86c100000) (1024K)]
  0x0000027a7f221830 JavaThread "Common-Cleaner"             daemon [_thread_blocked, id=4516, stack(0x000000e86c100000,0x000000e86c200000) (1024K)]
  0x0000027a7f31ffe0 JavaThread "Notification Thread"        daemon [_thread_blocked, id=7860, stack(0x000000e86c200000,0x000000e86c300000) (1024K)]
Total: 11

Other Threads:
  0x0000027a7aaef3e0 VMThread "VM Thread"                           [id=1640, stack(0x000000e86b800000,0x000000e86b900000) (1024K)]
  0x0000027a7aa9bae0 WatcherThread "VM Periodic Task Thread"        [id=6560, stack(0x000000e86b700000,0x000000e86b800000) (1024K)]
  0x0000027a7aa51660 WorkerThread "GC Thread#0"                     [id=6980, stack(0x000000e86b600000,0x000000e86b700000) (1024K)]
Total: 3

Threads with active compile tasks:
C2 CompilerThread0  4087  981   !   4       java.util.jar.Attributes::read (494 bytes)
C1 CompilerThread0  4087 1014   !   3       java.lang.invoke.MemberName::getFieldType (176 bytes)
Total: 2

VM state: not at safepoint (normal execution)

VM Mutex/Monitor currently owned by a thread: None

Heap address: 0x0000000080000000, size: 2048 MB, Compressed Oops mode: 32-bit

CDS archive(s) mapped at: [0x0000027a13000000-0x0000027a13ba0000-0x0000027a13ba0000), size 12189696, SharedBaseAddress: 0x0000027a13000000, ArchiveRelocationMode: 1.
Compressed class space mapped at: 0x0000027a14000000-0x0000027a54000000, reserved size: 1073741824
Narrow klass base: 0x0000027a13000000, Narrow klass shift: 0, Narrow klass range: 0x100000000

GC Precious Log:
 CardTable entry size: 512
 CPUs: 4 total, 4 available
 Memory: 4017M
 Large Page Support: Disabled
 NUMA Support: Disabled
 Compressed Oops: Enabled (32-bit)
 Alignments: Space 512K, Generation 512K, Heap 2M
 Heap Min Capacity: 100M
 Heap Initial Capacity: 100M
 Heap Max Capacity: 2G
 Pre-touch: Disabled
 Parallel Workers: 4

Heap:
 PSYoungGen      total 29696K, used 20927K [0x00000000d5580000, 0x00000000d7680000, 0x0000000100000000)
  eden space 25600K, 81% used [0x00000000d5580000,0x00000000d69eff98,0x00000000d6e80000)
  from space 4096K, 0% used [0x00000000d7280000,0x00000000d7280000,0x00000000d7680000)
  to   space 4096K, 0% used [0x00000000d6e80000,0x00000000d6e80000,0x00000000d7280000)
 ParOldGen       total 68608K, used 0K [0x0000000080000000, 0x0000000084300000, 0x00000000d5580000)
  object space 68608K, 0% used [0x0000000080000000,0x0000000080000000,0x0000000084300000)
 Metaspace       used 3684K, committed 3968K, reserved 1114112K
  class space    used 405K, committed 512K, reserved 1048576K

Card table byte_map: [0x0000027a7a3e0000,0x0000027a7a7f0000] _byte_map_base: 0x0000027a79fe0000

Marking Bits: (ParMarkBitMap*) 0x00007ff898e02460
 Begin Bits: [0x0000027a0f000000, 0x0000027a11000000)
 End Bits:   [0x0000027a11000000, 0x0000027a13000000)

Polling page: 0x0000027a78810000

Metaspace:

Usage:
  Non-class:      3.20 MB used.
      Class:    405.20 KB used.
       Both:      3.60 MB used.

Virtual space:
  Non-class space:       64.00 MB reserved,       3.38 MB (  5%) committed,  1 nodes.
      Class space:        1.00 GB reserved,     512.00 KB ( <1%) committed,  1 nodes.
             Both:        1.06 GB reserved,       3.88 MB ( <1%) committed. 

Chunk freelists:
   Non-Class:  11.37 MB
       Class:  15.46 MB
        Both:  26.83 MB

MaxMetaspaceSize: unlimited
CompressedClassSpaceSize: 1.00 GB
Initial GC threshold: 21.00 MB
Current GC threshold: 21.00 MB
CDS: on
 - commit_granule_bytes: 65536.
 - commit_granule_words: 8192.
 - virtual_space_node_default_size: 8388608.
 - enlarge_chunks_in_place: 1.
 - use_allocation_guard: 0.


Internal statistics:

num_allocs_failed_limit: 0.
num_arena_births: 178.
num_arena_deaths: 0.
num_vsnodes_births: 2.
num_vsnodes_deaths: 0.
num_space_committed: 62.
num_space_uncommitted: 0.
num_chunks_returned_to_freelist: 0.
num_chunks_taken_from_freelist: 229.
num_chunk_merges: 0.
num_chunk_splits: 150.
num_chunks_enlarged: 84.
num_inconsistent_stats: 0.

CodeHeap 'non-profiled nmethods': size=120000Kb used=390Kb max_used=390Kb free=119609Kb
 bounds [0x0000027a07ad0000, 0x0000027a07d40000, 0x0000027a0f000000]
CodeHeap 'profiled nmethods': size=120000Kb used=1634Kb max_used=1634Kb free=118365Kb
 bounds [0x0000027a00000000, 0x0000027a00270000, 0x0000027a07530000]
CodeHeap 'non-nmethods': size=5760Kb used=1191Kb max_used=1206Kb free=4568Kb
 bounds [0x0000027a07530000, 0x0000027a077a0000, 0x0000027a07ad0000]
CodeCache: size=245760Kb, used=3215Kb, max_used=3230Kb, free=242542Kb
 total_blobs=1461, nmethods=1009, adapters=358, full_count=0
Compilation: enabled, stopped_count=0, restarted_count=0

Compilation events (20 events):
Event: 3.927 Thread 0x0000027a7e45b0b0  987  s    3       java.util.Hashtable::get (69 bytes)
Event: 3.928 Thread 0x0000027a7e45b0b0 nmethod 987 0x0000027a00182610 code [0x0000027a00182800, 0x0000027a00182d50]
Event: 3.928 Thread 0x0000027a7e45b0b0  986       3       sun.security.util.ObjectIdentifier::equals (36 bytes)
Event: 3.928 Thread 0x0000027a7e45b0b0 nmethod 986 0x0000027a00182f10 code [0x0000027a001830e0, 0x0000027a001834d8]
Event: 3.938 Thread 0x0000027a7e45b0b0  988 %     3       java.math.BigInteger::implMultiplyToLen @ 135 (216 bytes)
Event: 3.939 Thread 0x0000027a7e45b0b0 nmethod 988% 0x0000027a00183590 code [0x0000027a001837a0, 0x0000027a00183e88]
Event: 3.940 Thread 0x0000027a7e45b0b0  989       3       java.math.BigInteger::implMultiplyToLen (216 bytes)
Event: 3.941 Thread 0x0000027a7e45b0b0 nmethod 989 0x0000027a00184310 code [0x0000027a00184500, 0x0000027a00184aa8]
Event: 3.949 Thread 0x0000027a7e45b0b0  991       3       sun.security.util.DerOutputStream::putLength (147 bytes)
Event: 3.952 Thread 0x0000027a7e45b0b0 nmethod 991 0x0000027a00184e90 code [0x0000027a00185260, 0x0000027a001876d8]
Event: 3.954 Thread 0x0000027a7e45b0b0  992  s    3       java.util.Hashtable::put (104 bytes)
Event: 3.955 Thread 0x0000027a7e45b0b0 nmethod 992 0x0000027a00188610 code [0x0000027a00188820, 0x0000027a00188ef8]
Event: 3.955 Thread 0x0000027a7e45b0b0  993       3       java.util.Hashtable::addEntry (87 bytes)
Event: 3.956 Thread 0x0000027a7e45b0b0 nmethod 993 0x0000027a00189190 code [0x0000027a00189380, 0x0000027a001899b0]
Event: 3.956 Thread 0x0000027a7e45b0b0  994       3       java.util.Hashtable$Entry::<init> (26 bytes)
Event: 3.956 Thread 0x0000027a7e45b0b0 nmethod 994 0x0000027a00189c10 code [0x0000027a00189dc0, 0x0000027a00189f70]
Event: 3.956 Thread 0x0000027a7e45b0b0  995       3       sun.security.util.SignatureFileVerifier::updateSigners (132 bytes)
Event: 3.958 Thread 0x0000027a7e45b0b0 nmethod 995 0x0000027a0018a010 code [0x0000027a0018a2c0, 0x0000027a0018b160]
Event: 3.959 Thread 0x0000027a7e45b0b0  996       3       sun.security.util.SignatureFileVerifier::matches (89 bytes)
Event: 3.961 Thread 0x0000027a7e45b0b0 nmethod 996 0x0000027a0018b710 code [0x0000027a0018b9c0, 0x0000027a0018c810]

GC Heap History (0 events):
No events

Dll operation events (8 events):
Event: 0.077 Loaded shared library c:\Users\POS\.vscode\extensions\redhat.java-1.52.0-win32-x64\jre\21.0.9-win32-x86_64\bin\java.dll
Event: 0.397 Loaded shared library c:\Users\POS\.vscode\extensions\redhat.java-1.52.0-win32-x64\jre\21.0.9-win32-x86_64\bin\zip.dll
Event: 0.528 Loaded shared library C:\Users\POS\.vscode\extensions\redhat.java-1.52.0-win32-x64\jre\21.0.9-win32-x86_64\bin\instrument.dll
Event: 0.544 Loaded shared library C:\Users\POS\.vscode\extensions\redhat.java-1.52.0-win32-x64\jre\21.0.9-win32-x86_64\bin\net.dll
Event: 0.548 Loaded shared library C:\Users\POS\.vscode\extensions\redhat.java-1.52.0-win32-x64\jre\21.0.9-win32-x86_64\bin\nio.dll
Event: 0.556 Loaded shared library C:\Users\POS\.vscode\extensions\redhat.java-1.52.0-win32-x64\jre\21.0.9-win32-x86_64\bin\zip.dll
Event: 0.759 Loaded shared library C:\Users\POS\.vscode\extensions\redhat.java-1.52.0-win32-x64\jre\21.0.9-win32-x86_64\bin\jimage.dll
Event: 1.105 Loaded shared library c:\Users\POS\.vscode\extensions\redhat.java-1.52.0-win32-x64\jre\21.0.9-win32-x86_64\bin\verify.dll

Deoptimization events (20 events):
Event: 2.872 Thread 0x0000027a7aa32370 Uncommon trap: trap_request=0xffffff6e fr.pc=0x0000027a07b13d9c relative=0x00000000000001fc
Event: 2.872 Thread 0x0000027a7aa32370 Uncommon trap: reason=loop_limit_check action=maybe_recompile pc=0x0000027a07b13d9c method=java.math.BigInteger.implMulAdd([I[IIII)I @ 26 c2
Event: 2.872 Thread 0x0000027a7aa32370 DEOPT PACKING pc=0x0000027a07b13d9c sp=0x000000e86b5fd430
Event: 2.872 Thread 0x0000027a7aa32370 DEOPT UNPACKING pc=0x0000027a07583aa2 sp=0x000000e86b5fd380 mode 2
Event: 3.291 Thread 0x0000027a7aa32370 Uncommon trap: trap_request=0xffffff45 fr.pc=0x0000027a07b02f60 relative=0x0000000000000600
Event: 3.291 Thread 0x0000027a7aa32370 Uncommon trap: reason=unstable_if action=reinterpret pc=0x0000027a07b02f60 method=java.lang.AbstractStringBuilder.append(Ljava/lang/String;)Ljava/lang/AbstractStringBuilder; @ 1 c2
Event: 3.291 Thread 0x0000027a7aa32370 DEOPT PACKING pc=0x0000027a07b02f60 sp=0x000000e86b5fdd40
Event: 3.291 Thread 0x0000027a7aa32370 DEOPT UNPACKING pc=0x0000027a07583aa2 sp=0x000000e86b5fdcd0 mode 2
Event: 3.329 Thread 0x0000027a7aa32370 DEOPT PACKING pc=0x0000027a0011865d sp=0x000000e86b5fd220
Event: 3.329 Thread 0x0000027a7aa32370 DEOPT UNPACKING pc=0x0000027a07584242 sp=0x000000e86b5fc698 mode 0
Event: 3.517 Thread 0x0000027a7aa32370 DEOPT PACKING pc=0x0000027a00049307 sp=0x000000e86b5fde90
Event: 3.517 Thread 0x0000027a7aa32370 DEOPT UNPACKING pc=0x0000027a07584242 sp=0x000000e86b5fd328 mode 0
Event: 3.941 Thread 0x0000027a7aa32370 Uncommon trap: trap_request=0xffffffde fr.pc=0x0000027a07b2d29c relative=0x000000000000093c
Event: 3.941 Thread 0x0000027a7aa32370 Uncommon trap: reason=class_check action=maybe_recompile pc=0x0000027a07b2d29c method=java.util.HashMap.putVal(ILjava/lang/Object;Ljava/lang/Object;ZZ)Ljava/lang/Object; @ 91 c2
Event: 3.941 Thread 0x0000027a7aa32370 DEOPT PACKING pc=0x0000027a07b2d29c sp=0x000000e86b5fe6d0
Event: 3.941 Thread 0x0000027a7aa32370 DEOPT UNPACKING pc=0x0000027a07583aa2 sp=0x000000e86b5fe5f8 mode 2
Event: 3.941 Thread 0x0000027a7aa32370 Uncommon trap: trap_request=0xffffffde fr.pc=0x0000027a07b2d29c relative=0x000000000000093c
Event: 3.941 Thread 0x0000027a7aa32370 Uncommon trap: reason=class_check action=maybe_recompile pc=0x0000027a07b2d29c method=java.util.HashMap.putVal(ILjava/lang/Object;Ljava/lang/Object;ZZ)Ljava/lang/Object; @ 91 c2
Event: 3.941 Thread 0x0000027a7aa32370 DEOPT PACKING pc=0x0000027a07b2d29c sp=0x000000e86b5fe6d0
Event: 3.941 Thread 0x0000027a7aa32370 DEOPT UNPACKING pc=0x0000027a07583aa2 sp=0x000000e86b5fe5f8 mode 2

Classes loaded (20 events):
Event: 3.606 Loading class sun/nio/fs/WindowsFileSystemProvider$1
Event: 3.608 Loading class sun/nio/fs/WindowsFileSystemProvider$1 done
Event: 3.608 Loading class sun/nio/fs/WindowsLinkSupport
Event: 3.609 Loading class sun/nio/fs/WindowsLinkSupport done
Event: 3.609 Loading class sun/nio/fs/WindowsAclFileAttributeView
Event: 3.612 Loading class sun/nio/fs/AbstractAclFileAttributeView
Event: 3.615 Loading class java/nio/file/attribute/AclFileAttributeView
Event: 3.616 Loading class java/nio/file/attribute/FileOwnerAttributeView
Event: 3.616 Loading class java/nio/file/attribute/FileOwnerAttributeView done
Event: 3.617 Loading class java/nio/file/attribute/AclFileAttributeView done
Event: 3.617 Loading class sun/nio/fs/AbstractAclFileAttributeView done
Event: 3.617 Loading class sun/nio/fs/WindowsAclFileAttributeView done
Event: 3.617 Loading class sun/nio/fs/WindowsSecurity
Event: 3.620 Loading class sun/nio/fs/WindowsSecurity done
Event: 3.624 Loading class sun/nio/fs/WindowsFileStore
Event: 3.627 Loading class java/nio/file/FileStore
Event: 3.627 Loading class java/nio/file/FileStore done
Event: 3.627 Loading class sun/nio/fs/WindowsFileStore done
Event: 3.633 Loading class java/net/URLClassLoader$1
Event: 3.634 Loading class java/net/URLClassLoader$1 done

Classes unloaded (0 events):
No events

Classes redefined (0 events):
No events

Internal exceptions (20 events):
Event: 0.949 Thread 0x0000027a7aa32370 Exception <a 'java/lang/NoSuchMethodError'{0x00000000d59e80a0}: 'void java.lang.invoke.DelegatingMethodHandle$Holder.reinvoke_L(java.lang.Object, java.lang.Object, java.lang.Object, int, java.lang.Object)'> (0x00000000d59e80a0) 
thrown [s\src\hotspot\share\interpreter\linkResolver.cpp, line 773]
Event: 0.956 Thread 0x0000027a7aa32370 Exception <a 'java/lang/NoSuchMethodError'{0x00000000d59f8b98}: 'int java.lang.invoke.DirectMethodHandle$Holder.invokeSpecial(java.lang.Object, java.lang.Object, java.lang.Object)'> (0x00000000d59f8b98) 
thrown [s\src\hotspot\share\interpreter\linkResolver.cpp, line 773]
Event: 0.980 Thread 0x0000027a7aa32370 Exception <a 'java/lang/NoSuchMethodError'{0x00000000d5a04858}: 'java.lang.Object java.lang.invoke.DirectMethodHandle$Holder.invokeStatic(java.lang.Object, java.lang.Object, int)'> (0x00000000d5a04858) 
thrown [s\src\hotspot\share\interpreter\linkResolver.cpp, line 773]
Event: 0.981 Thread 0x0000027a7aa32370 Exception <a 'java/lang/NoSuchMethodError'{0x00000000d5a091a8}: 'void java.lang.invoke.DirectMethodHandle$Holder.invokeStatic(java.lang.Object, java.lang.Object, int, java.lang.Object)'> (0x00000000d5a091a8) 
thrown [s\src\hotspot\share\interpreter\linkResolver.cpp, line 773]
Event: 0.982 Thread 0x0000027a7aa32370 Exception <a 'java/lang/NoSuchMethodError'{0x00000000d5a0cd38}: 'void java.lang.invoke.DirectMethodHandle$Holder.invokeSpecial(java.lang.Object, java.lang.Object, java.lang.Object, int, java.lang.Object)'> (0x00000000d5a0cd38) 
thrown [s\src\hotspot\share\interpreter\linkResolver.cpp, line 773]
Event: 0.983 Thread 0x0000027a7aa32370 Exception <a 'java/lang/NoSuchMethodError'{0x00000000d5a101a8}: 'void java.lang.invoke.DelegatingMethodHandle$Holder.delegate(java.lang.Object, java.lang.Object, int, java.lang.Object)'> (0x00000000d5a101a8) 
thrown [s\src\hotspot\share\interpreter\linkResolver.cpp, line 773]
Event: 1.179 Thread 0x0000027a7aa32370 Exception <a 'java/lang/NoSuchMethodError'{0x00000000d5bcf1c0}: 'void java.lang.invoke.DelegatingMethodHandle$Holder.reinvoke_L(java.lang.Object, java.lang.Object, java.lang.Object, int)'> (0x00000000d5bcf1c0) 
thrown [s\src\hotspot\share\interpreter\linkResolver.cpp, line 773]
Event: 2.239 Thread 0x0000027a7aa32370 Exception <a 'java/lang/NoSuchMethodError'{0x00000000d605a840}: 'void java.lang.invoke.DirectMethodHandle$Holder.invokeVirtual(java.lang.Object, java.lang.Object)'> (0x00000000d605a840) 
thrown [s\src\hotspot\share\interpreter\linkResolver.cpp, line 773]
Event: 3.112 Thread 0x0000027a7aa32370 Exception <a 'java/lang/NoSuchMethodError'{0x00000000d643cd88}: 'void java.lang.invoke.DirectMethodHandle$Holder.invokeStatic(java.lang.Object, java.lang.Object)'> (0x00000000d643cd88) 
thrown [s\src\hotspot\share\interpreter\linkResolver.cpp, line 773]
Event: 3.124 Thread 0x0000027a7aa32370 Exception <a 'java/lang/ClassNotFoundException'{0x00000000d6465158}: sun/net/www/protocol/c/Handler> (0x00000000d6465158) 
thrown [s\src\hotspot\share\classfile\systemDictionary.cpp, line 312]
Event: 3.224 Thread 0x0000027a7aa32370 Exception <a 'java/io/FileNotFoundException'{0x00000000d64c2020}> (0x00000000d64c2020) 
thrown [s\src\hotspot\share\prims\jni.cpp, line 520]
Event: 3.227 Thread 0x0000027a7aa32370 Exception <a 'java/io/FileNotFoundException'{0x00000000d64c3330}> (0x00000000d64c3330) 
thrown [s\src\hotspot\share\prims\jni.cpp, line 520]
Event: 3.227 Thread 0x0000027a7aa32370 Exception <a 'java/io/FileNotFoundException'{0x00000000d64c3f90}> (0x00000000d64c3f90) 
thrown [s\src\hotspot\share\prims\jni.cpp, line 520]
Event: 3.228 Thread 0x0000027a7aa32370 Exception <a 'java/io/FileNotFoundException'{0x00000000d64c4ac8}> (0x00000000d64c4ac8) 
thrown [s\src\hotspot\share\prims\jni.cpp, line 520]
Event: 3.291 Thread 0x0000027a7aa32370 Implicit null exception at 0x0000027a07b029a4 to 0x0000027a07b02f48
Event: 3.297 Thread 0x0000027a7aa32370 Exception <a 'java/io/FileNotFoundException'{0x00000000d64fcf10}> (0x00000000d64fcf10) 
thrown [s\src\hotspot\share\prims\jni.cpp, line 520]
Event: 3.326 Thread 0x0000027a7aa32370 Exception <a 'java/lang/NoSuchMethodError'{0x00000000d65364d8}: 'java.lang.Object java.lang.invoke.DirectMethodHandle$Holder.invokeInterface(java.lang.Object, java.lang.Object)'> (0x00000000d65364d8) 
thrown [s\src\hotspot\share\interpreter\linkResolver.cpp, line 773]
Event: 3.401 Thread 0x0000027a7aa32370 Exception <a 'java/lang/NoSuchMethodError'{0x00000000d6549a60}: 'java.lang.Object java.lang.invoke.Invokers$Holder.invokeExact_MT(java.lang.Object, java.lang.Object, java.lang.Object, java.lang.Object, java.lang.Object, java.lang.Object)'> (0x00000000d6549a60) 
thrown [s\src\hotspot\share\interpreter\linkResolver.cpp, line 773]
Event: 3.412 Thread 0x0000027a7aa32370 Exception <a 'java/lang/NoSuchMethodError'{0x00000000d6560b38}: 'int java.lang.invoke.DirectMethodHandle$Holder.invokeStatic(java.lang.Object, java.lang.Object, java.lang.Object, java.lang.Object, java.lang.Object)'> (0x00000000d6560b38) 
thrown [s\src\hotspot\share\interpreter\linkResolver.cpp, line 773]
Event: 3.503 Thread 0x0000027a7aa32370 Exception <a 'java/lang/NoSuchMethodError'{0x00000000d65f41f8}: 'java.lang.Object java.lang.invoke.DirectMethodHandle$Holder.invokeInterface(java.lang.Object, java.lang.Object, int)'> (0x00000000d65f41f8) 
thrown [s\src\hotspot\share\interpreter\linkResolver.cpp, line 773]

ZGC Phase Switch (0 events):
No events

VM Operations (12 events):
Event: 0.393 Executing VM operation: HandshakeAllThreads (Deoptimize)
Event: 0.393 Executing VM operation: HandshakeAllThreads (Deoptimize) done
Event: 0.873 Executing VM operation: HandshakeAllThreads (Deoptimize)
Event: 0.874 Executing VM operation: HandshakeAllThreads (Deoptimize) done
Event: 1.883 Executing VM operation: Cleanup
Event: 1.930 Executing VM operation: Cleanup done
Event: 2.944 Executing VM operation: Cleanup
Event: 2.976 Executing VM operation: Cleanup done
Event: 2.993 Executing VM operation: HandshakeAllThreads (Deoptimize)
Event: 2.993 Executing VM operation: HandshakeAllThreads (Deoptimize) done
Event: 3.104 Executing VM operation: HandshakeAllThreads (Deoptimize)
Event: 3.104 Executing VM operation: HandshakeAllThreads (Deoptimize) done

Memory protections (0 events):
No events

Nmethod flushes (0 events):
No events

Events (11 events):
Event: 0.178 Thread 0x0000027a7aa32370 Thread added: 0x0000027a7aa32370
Event: 0.224 Thread 0x0000027a7aa32370 Thread added: 0x0000027a7e41c080
Event: 0.225 Thread 0x0000027a7aa32370 Thread added: 0x0000027a7e41f5d0
Event: 0.226 Thread 0x0000027a7aa32370 Thread added: 0x0000027a7e4238c0
Event: 0.227 Thread 0x0000027a7aa32370 Thread added: 0x0000027a7e424510
Event: 0.227 Thread 0x0000027a7aa32370 Thread added: 0x0000027a7e427070
Event: 0.227 Thread 0x0000027a7aa32370 Thread added: 0x0000027a7e427ac0
Event: 0.228 Thread 0x0000027a7aa32370 Thread added: 0x0000027a7e429380
Event: 0.229 Thread 0x0000027a7aa32370 Thread added: 0x0000027a7e45b0b0
Event: 0.535 Thread 0x0000027a7aa32370 Thread added: 0x0000027a7f221830
Event: 1.681 Thread 0x0000027a7aa32370 Thread added: 0x0000027a7f31ffe0


Dynamic libraries:
0x00007ff6c57e0000 - 0x00007ff6c57ee000 	c:\Users\POS\.vscode\extensions\redhat.java-1.52.0-win32-x64\jre\21.0.9-win32-x86_64\bin\java.exe
0x00007ff901830000 - 0x00007ff901a28000 	C:\Windows\SYSTEM32\ntdll.dll
0x00007ff901640000 - 0x00007ff901702000 	C:\Windows\System32\KERNEL32.DLL
0x00007ff8fefc0000 - 0x00007ff8ff2b6000 	C:\Windows\System32\KERNELBASE.dll
0x00007ff8feec0000 - 0x00007ff8fefc0000 	C:\Windows\System32\ucrtbase.dll
0x00007ff8f94f0000 - 0x00007ff8f9508000 	c:\Users\POS\.vscode\extensions\redhat.java-1.52.0-win32-x64\jre\21.0.9-win32-x86_64\bin\jli.dll
0x00007ff900420000 - 0x00007ff9005c1000 	C:\Windows\System32\USER32.dll
0x00007ff8ff600000 - 0x00007ff8ff622000 	C:\Windows\System32\win32u.dll
0x00007ff9017c0000 - 0x00007ff9017eb000 	C:\Windows\System32\GDI32.dll
0x00007ff8ff6b0000 - 0x00007ff8ff7c9000 	C:\Windows\System32\gdi32full.dll
0x00007ff8ff4d0000 - 0x00007ff8ff56d000 	C:\Windows\System32\msvcp_win.dll
0x00007ff8e9790000 - 0x00007ff8e97ae000 	c:\Users\POS\.vscode\extensions\redhat.java-1.52.0-win32-x64\jre\21.0.9-win32-x86_64\bin\VCRUNTIME140.dll
0x00007ff8ee5a0000 - 0x00007ff8ee83b000 	C:\Windows\WinSxS\amd64_microsoft.windows.common-controls_6595b64144ccf1df_6.0.19041.6456_none_60b8a6cb71f64256\COMCTL32.dll
0x00007ff901540000 - 0x00007ff9015de000 	C:\Windows\System32\msvcrt.dll
0x00007ff900ea0000 - 0x00007ff900ecf000 	C:\Windows\System32\IMM32.DLL
0x00007ff8fa620000 - 0x00007ff8fa62c000 	c:\Users\POS\.vscode\extensions\redhat.java-1.52.0-win32-x64\jre\21.0.9-win32-x86_64\bin\vcruntime140_1.dll
0x00007ff8e2670000 - 0x00007ff8e26fd000 	c:\Users\POS\.vscode\extensions\redhat.java-1.52.0-win32-x64\jre\21.0.9-win32-x86_64\bin\msvcp140.dll
0x00007ff898140000 - 0x00007ff898ee0000 	c:\Users\POS\.vscode\extensions\redhat.java-1.52.0-win32-x64\jre\21.0.9-win32-x86_64\bin\server\jvm.dll
0x00007ff8ffbb0000 - 0x00007ff8ffc61000 	C:\Windows\System32\ADVAPI32.dll
0x00007ff901420000 - 0x00007ff9014bf000 	C:\Windows\System32\sechost.dll
0x00007ff8ffce0000 - 0x00007ff8ffe00000 	C:\Windows\System32\RPCRT4.dll
0x00007ff8ff630000 - 0x00007ff8ff657000 	C:\Windows\System32\bcrypt.dll
0x00007ff9011c0000 - 0x00007ff90122b000 	C:\Windows\System32\WS2_32.dll
0x00007ff8fec00000 - 0x00007ff8fec4b000 	C:\Windows\SYSTEM32\POWRPROF.dll
0x00007ff8ed2c0000 - 0x00007ff8ed2e7000 	C:\Windows\SYSTEM32\WINMM.dll
0x00007ff8f13c0000 - 0x00007ff8f13ca000 	C:\Windows\SYSTEM32\VERSION.dll
0x00007ff8febe0000 - 0x00007ff8febf2000 	C:\Windows\SYSTEM32\UMPDC.dll
0x00007ff8fcd30000 - 0x00007ff8fcd42000 	C:\Windows\SYSTEM32\kernel.appcore.dll
0x00007ff8f9540000 - 0x00007ff8f954a000 	c:\Users\POS\.vscode\extensions\redhat.java-1.52.0-win32-x64\jre\21.0.9-win32-x86_64\bin\jimage.dll
0x00007ff8ec3e0000 - 0x00007ff8ec5e1000 	C:\Windows\SYSTEM32\DBGHELP.DLL
0x00007ff8e8b70000 - 0x00007ff8e8ba4000 	C:\Windows\SYSTEM32\dbgcore.DLL
0x00007ff8ff570000 - 0x00007ff8ff5f2000 	C:\Windows\System32\bcryptPrimitives.dll
0x00007ff8fc100000 - 0x00007ff8fc10f000 	c:\Users\POS\.vscode\extensions\redhat.java-1.52.0-win32-x64\jre\21.0.9-win32-x86_64\bin\instrument.dll
0x00007ff8e8b10000 - 0x00007ff8e8b30000 	c:\Users\POS\.vscode\extensions\redhat.java-1.52.0-win32-x64\jre\21.0.9-win32-x86_64\bin\java.dll
0x00007ff900730000 - 0x00007ff900ea0000 	C:\Windows\System32\SHELL32.dll
0x00007ff8fcf30000 - 0x00007ff8fd6d5000 	C:\Windows\SYSTEM32\windows.storage.dll
0x00007ff8ff850000 - 0x00007ff8ffba4000 	C:\Windows\System32\combase.dll
0x00007ff8fe810000 - 0x00007ff8fe83b000 	C:\Windows\SYSTEM32\Wldp.dll
0x00007ff901350000 - 0x00007ff90141d000 	C:\Windows\System32\OLEAUT32.dll
0x00007ff901710000 - 0x00007ff9017bd000 	C:\Windows\System32\SHCORE.dll
0x00007ff8ffc70000 - 0x00007ff8ffccb000 	C:\Windows\System32\shlwapi.dll
0x00007ff8fedf0000 - 0x00007ff8fee14000 	C:\Windows\SYSTEM32\profapi.dll
0x00007ff8e3c30000 - 0x00007ff8e3c48000 	c:\Users\POS\.vscode\extensions\redhat.java-1.52.0-win32-x64\jre\21.0.9-win32-x86_64\bin\zip.dll
0x00007ff8f9280000 - 0x00007ff8f9290000 	C:\Users\POS\.vscode\extensions\redhat.java-1.52.0-win32-x64\jre\21.0.9-win32-x86_64\bin\net.dll
0x00007ff8f8060000 - 0x00007ff8f816a000 	C:\Windows\SYSTEM32\WINHTTP.dll
0x00007ff8fe570000 - 0x00007ff8fe5da000 	C:\Windows\system32\mswsock.dll
0x00007ff8e3c10000 - 0x00007ff8e3c26000 	C:\Users\POS\.vscode\extensions\redhat.java-1.52.0-win32-x64\jre\21.0.9-win32-x86_64\bin\nio.dll
0x00007ff8fb890000 - 0x00007ff8fb8a0000 	c:\Users\POS\.vscode\extensions\redhat.java-1.52.0-win32-x64\jre\21.0.9-win32-x86_64\bin\verify.dll

JVMTI agents:
c:\Users\POS\.vscode\extensions\redhat.java-1.52.0-win32-x64\lombok\lombok-1.18.39-4050.jar path:c:\Users\POS\.vscode\extensions\redhat.java-1.52.0-win32-x64\jre\21.0.9-win32-x86_64\bin\instrument.dll, loaded, initialized, instrumentlib options:none

dbghelp: loaded successfully - version: 4.0.5 - missing functions: none
symbol engine: initialized successfully - sym options: 0x614 - pdb path: .;c:\Users\POS\.vscode\extensions\redhat.java-1.52.0-win32-x64\jre\21.0.9-win32-x86_64\bin;C:\Windows\SYSTEM32;C:\Windows\WinSxS\amd64_microsoft.windows.common-controls_6595b64144ccf1df_6.0.19041.6456_none_60b8a6cb71f64256;c:\Users\POS\.vscode\extensions\redhat.java-1.52.0-win32-x64\jre\21.0.9-win32-x86_64\bin\server

VM Arguments:
jvm_args: --add-modules=ALL-SYSTEM --add-opens=java.base/java.util=ALL-UNNAMED --add-opens=java.base/java.lang=ALL-UNNAMED --add-opens=java.base/sun.nio.fs=ALL-UNNAMED -Declipse.application=org.eclipse.jdt.ls.core.id1 -Dosgi.bundles.defaultStartLevel=4 -Declipse.product=org.eclipse.jdt.ls.core.product -Djava.import.generatesMetadataFilesAtProjectRoot=false -DDetectVMInstallationsJob.disabled=true -Dfile.encoding=utf8 -XX:+UseParallelGC -XX:GCTimeRatio=4 -XX:AdaptiveSizePolicyWeight=90 -Dsun.zip.disableMemoryMapping=true -Xmx2G -Xms100m -Xlog:disable -javaagent:c:\Users\POS\.vscode\extensions\redhat.java-1.52.0-win32-x64\lombok\lombok-1.18.39-4050.jar 
java_command: c:\Users\POS\.vscode\extensions\redhat.java-1.52.0-win32-x64\server\plugins\org.eclipse.equinox.launcher_1.7.100.v20251111-0406.jar -configuration c:\Users\POS\AppData\Roaming\Code\User\globalStorage\redhat.java\1.52.0\config_ss_win -data c:\Users\POS\AppData\Roaming\Code\User\workspaceStorage\3f08d4468f9520cad0527d64b7ab105f\redhat.java\ss_ws --pipe=\\.\pipe\lsp-4cfe2dc8411842acbbbb1e290c1febe2-sock
java_class_path (initial): c:\Users\POS\.vscode\extensions\redhat.java-1.52.0-win32-x64\server\plugins\org.eclipse.equinox.launcher_1.7.100.v20251111-0406.jar
Launcher Type: SUN_STANDARD

[Global flags]
    uintx AdaptiveSizePolicyWeight                 = 90                                        {product} {command line}
     intx CICompilerCount                          = 3                                         {product} {ergonomic}
    uintx GCTimeRatio                              = 4                                         {product} {command line}
   size_t InitialHeapSize                          = 104857600                                 {product} {command line}
   size_t MaxHeapSize                              = 2147483648                                {product} {command line}
   size_t MaxNewSize                               = 715653120                                 {product} {ergonomic}
   size_t MinHeapDeltaBytes                        = 524288                                    {product} {ergonomic}
   size_t MinHeapSize                              = 104857600                                 {product} {command line}
   size_t NewSize                                  = 34603008                                  {product} {ergonomic}
    uintx NonNMethodCodeHeapSize                   = 5832780                                {pd product} {ergonomic}
    uintx NonProfiledCodeHeapSize                  = 122912730                              {pd product} {ergonomic}
   size_t OldSize                                  = 70254592                                  {product} {ergonomic}
    uintx ProfiledCodeHeapSize                     = 122912730                              {pd product} {ergonomic}
    uintx ReservedCodeCacheSize                    = 251658240                              {pd product} {ergonomic}
     bool SegmentedCodeCache                       = true                                      {product} {ergonomic}
   size_t SoftMaxHeapSize                          = 2147483648                             {manageable} {ergonomic}
     bool UseCompressedOops                        = true                           {product lp64_product} {ergonomic}
     bool UseLargePagesIndividualAllocation        = false                                  {pd product} {ergonomic}
     bool UseParallelGC                            = true                                      {product} {command line}

Logging:
Log output configuration:
 #0: stdout all=off uptime,level,tags foldmultilines=false
 #1: stderr all=off uptime,level,tags foldmultilines=false

Release file:
JAVA_VERSION="21.0.9" 
MODULES="java.base java.compiler java.datatransfer java.xml java.prefs java.desktop java.instrument java.logging java.management java.security.sasl java.naming java.rmi java.management.rmi java.net.http java.scripting java.security.jgss java.transaction.xa java.sql java.sql.rowset java.xml.crypto java.se java.smartcardio jdk.accessibility jdk.internal.jvmstat jdk.attach jdk.charsets jdk.internal.opt jdk.zipfs jdk.compiler jdk.crypto.ec jdk.crypto.cryptoki jdk.crypto.mscapi jdk.dynalink jdk.internal.ed jdk.editpad jdk.hotspot.agent jdk.httpserver jdk.internal.le jdk.internal.vm.ci jdk.internal.vm.compiler jdk.internal.vm.compiler.management jdk.jartool jdk.javadoc jdk.jcmd jdk.management jdk.management.agent jdk.jconsole jdk.jdeps jdk.jdwp.agent jdk.jdi jdk.jfr jdk.jshell jdk.jsobject jdk.jstatd jdk.localedata jdk.management.jfr jdk.naming.dns jdk.naming.rmi jdk.net jdk.nio.mapmode jdk.random jdk.sctp jdk.security.auth jdk.security.jgss jdk.unsupported jdk.unsupported.desktop jdk.xml.dom" 

Environment Variables:
JAVA_HOME=D:\java17
PATH=C:\Program Files\Common Files\Oracle\Java\javapath;C:\Python313\Scripts\;C:\Python313\;C:\Windows\system32;C:\Windows;C:\Windows\System32\Wbem;C:\Windows\System32\WindowsPowerShell\v1.0\;C:\Windows\System32\OpenSSH\;C:\Program Files\Git\cmd;D:\apache-maven-3.9.9\bin;D:\java17;D:\node\;C:\ProgramData\chocolatey\bin;D:\opencv\4.10.0\opencv\build\java\x64;D:\ffmpeg-7.1.1-essentials_build\bin;D:\gradle-8.12.1\bin;D:\axis2-1.7.9-bin\axis2-2.0.0;D:\gradle-8.12.1\bin;C:\Program Files (x86)\PuTTY\;C:\Python313\Scripts\;C:\Python313\;C:\Windows\system32;C:\Windows;C:\Windows\System32\Wbem;C:\Windows\System32\WindowsPowerShell\v1.0\;C:\Windows\System32\OpenSSH\;C:\Program Files\Git\cmd;D:\apache-maven-3.9.9\bin;D:\java8;D:\node\;C:\ProgramData\chocolatey\bin;D:\opencv\4.10.0\opencv\build\java\x64;C:\Users\POS\AppData\Local\Microsoft\WindowsApps;C:\Users\POS\AppData\Local\Microsoft\WinGet\Packages\Schniz.fnm_Microsoft.Winget.Source_8wekyb3d8bbwe;C:\Users\POS\AppData\Roaming\npm;D:\IntelliJ IDEA 2024.3.4.1\bin;C:\Users\POS\AppData\Local\Programs\Microsoft VS Code\bin;D:\java8\bin;C:\Users\POS\.deno\bin;D:\xampp\php;
USERNAME=POS
OS=Windows_NT
PROCESSOR_IDENTIFIER=Intel64 Family 6 Model 69 Stepping 1, GenuineIntel
TMP=C:\Users\POS\AppData\Local\Temp
TEMP=C:\Users\POS\AppData\Local\Temp




Periodic native trim disabled

---------------  S Y S T E M  ---------------

OS:
 Windows 10 , 64 bit Build 19041 (10.0.19041.5915)
OS uptime: 0 days 20:39 hours

CPU: total 4 (initial active 4) (2 cores per cpu, 2 threads per core) family 6 model 69 stepping 1 microcode 0x25, cx8, cmov, fxsr, ht, mmx, sse, sse2, sse3, ssse3, sse4.1, sse4.2, popcnt, lzcnt, tsc, tscinvbit, avx, avx2, aes, erms, clmul, bmi1, bmi2, fma, vzeroupper, clflush, rdtscp, f16c
Processor Information for the first 4 processors :
  Max Mhz: 1900, Current Mhz: 1900, Mhz Limit: 1900

Memory: 4k page, system-wide physical 4017M (55M free)
TotalPageFile size 8942M (AvailPageFile size 0M)
current process WorkingSet (physical memory assigned to process): 66M, peak: 66M
current process commit charge ("private bytes"): 218M, peak: 218M

vm_info: OpenJDK 64-Bit Server VM (21.0.9+10-LTS) for windows-amd64 JRE (21.0.9+10-LTS), built on 2025-10-21T00:00:00Z by "admin" with unknown MS VC++:1942

END.
